2026-05-31 16:32:02,309 [INFO] 使用瀏覽器:chrome
2026-05-31 16:32:03,277 [INFO] 開始爬取:中國信託銀行(第1次)(https://www.ctbcbank.com/twrbo/zh_tw/cc_index/cc_product/cc_introduction_index.html)
2026-05-31 16:32:11,339 [WARNING] [中國信託銀行] 被 WAF 擋 (APP-1053),3000ms 後重試
2026-05-31 16:32:14,342 [INFO] 開始爬取:中國信託銀行(第2次)(https://www.ctbcbank.com/twrbo/zh_tw/cc_index/cc_product/cc_introduction_index.html)
2026-05-31 16:32:18,308 [WARNING] [中國信託銀行] 被 WAF 擋 (APP-1053),6000ms 後重試
2026-05-31 16:32:24,313 [INFO] 開始爬取:中國信託銀行(第3次)(https://www.ctbcbank.com/twrbo/zh_tw/cc_index/cc_product/cc_introduction_index.html)
2026-05-31 16:32:28,818 [WARNING] [中國信託銀行] 重試後仍被擋,改試下一個 URL
2026-05-31 16:32:28,818 [INFO] 開始爬取:中國信託銀行(第1次)(https://www.ctbcbank.com/content/twrbo/zh_tw/cc_index/cc_product/cc_introduction_index.html)
2026-05-31 16:32:35,991 [WARNING] [中國信託銀行] 被 WAF 擋 (APP-1053),3000ms 後重試
2026-05-31 16:32:38,994 [INFO] 開始爬取:中國信託銀行(第2次)(https://www.ctbcbank.com/content/twrbo/zh_tw/cc_index/cc_product/cc_introduction_index.html)
2026-05-31 16:32:43,651 [WARNING] [中國信託銀行] 被 WAF 擋 (APP-1053),6000ms 後重試
2026-05-31 16:32:49,654 [INFO] 開始爬取:中國信託銀行(第3次)(https://www.ctbcbank.com/content/twrbo/zh_tw/cc_index/cc_product/cc_introduction_index.html)
2026-05-31 16:32:54,123 [WARNING] [中國信託銀行] 重試後仍被擋,改試下一個 URL
2026-05-31 16:32:54,123 [INFO] 開始爬取:中國信託銀行(第1次)(https://www.ctbcbank.com/twrbo/zh_tw/cc_index/cc_product/cc_hot.html)
2026-05-31 16:33:02,671 [WARNING] [中國信託銀行] 被 WAF 擋 (APP-1053),3000ms 後重試
2026-05-31 16:33:05,674 [INFO] 開始爬取:中國信託銀行(第2次)(https://www.ctbcbank.com/twrbo/zh_tw/cc_index/cc_product/cc_hot.html)
2026-05-31 16:33:10,499 [WARNING] [中國信託銀行] 被 WAF 擋 (APP-1053),6000ms 後重試
2026-05-31 16:33:16,503 [INFO] 開始爬取:中國信託銀行(第3次)(https://www.ctbcbank.com/twrbo/zh_tw/cc_index/cc_product/cc_hot.html)
2026-05-31 16:33:21,199 [WARNING] [中國信託銀行] 重試後仍被擋,改試下一個 URL
2026-05-31 16:33:21,200 [INFO] 開始爬取:中國信託銀行(第1次)(https://www.ctbcbank.com/content/twrbo/zh_tw/cc_index/cc_product/cc_hot.html)
2026-05-31 16:33:28,217 [WARNING] [中國信託銀行] 被 WAF 擋 (APP-1053),3000ms 後重試
2026-05-31 16:33:31,221 [INFO] 開始爬取:中國信託銀行(第2次)(https://www.ctbcbank.com/content/twrbo/zh_tw/cc_index/cc_product/cc_hot.html)
2026-05-31 16:33:36,125 [WARNING] [中國信託銀行] 被 WAF 擋 (APP-1053),6000ms 後重試
2026-05-31 16:33:42,128 [INFO] 開始爬取:中國信託銀行(第3次)(https://www.ctbcbank.com/content/twrbo/zh_tw/cc_index/cc_product/cc_hot.html)
2026-05-31 16:33:47,226 [WARNING] [中國信託銀行] 重試後仍被擋,改試下一個 URL
2026-05-31 16:33:47,227 [ERROR] [中國信託銀行] 所有 URL 失敗或皆回錯誤頁
2026-05-31 16:33:47,227 [WARNING] [中國信託銀行] 改用 hardcode 後備清單 (13 張)
2026-05-31 16:33:49,230 [INFO] 開始爬取:玉山銀行(https://www.esunbank.com/zh-tw/personal/credit-card/intro)
2026-05-31 16:34:36,251 [ERROR] [玉山銀行] 爬取錯誤:Page.screenshot: Timeout 30000ms exceeded.
Call log:
  - taking page screenshot
  - waiting for fonts to load...
  - fonts loaded

2026-05-31 16:34:38,256 [INFO] 開始爬取:國泰世華銀行(https://www.cathaybk.com.tw/cathaybk/personal/credit-card/)
2026-05-31 16:35:46,437 [ERROR] [國泰世華銀行] 爬取錯誤:Page.screenshot: Timeout 30000ms exceeded.
Call log:
  - taking page screenshot
  - waiting for fonts to load...
  - fonts loaded

2026-05-31 16:35:48,441 [INFO] 開始爬取:台北富邦銀行(https://www.fubon.com/banking/personal/credit_card/all_card/all_card.htm)
2026-05-31 16:36:52,986 [ERROR] [台北富邦銀行] 爬取錯誤:Page.screenshot: Timeout 30000ms exceeded.
Call log:
  - taking page screenshot
  - waiting for fonts to load...
  - fonts loaded

2026-05-31 16:36:54,992 [INFO] 開始爬取:台新銀行(https://www.taishinbank.com.tw/TSB/personal/credit/intro/overview/)
2026-05-31 16:38:03,430 [ERROR] [台新銀行] 爬取錯誤:Page.screenshot: Timeout 30000ms exceeded.
Call log:
  - taking page screenshot
  - waiting for fonts to load...
  - fonts loaded

2026-05-31 16:38:05,431 [INFO] 開始爬取:永豐銀行(https://bank.sinopac.com/sinopacBT/personal/credit-card/introduction/list.html)
2026-05-31 16:38:45,755 [INFO] [永豐銀行] 截圖:debug_sinopac.png
2026-05-31 16:38:45,766 [DEBUG] [永豐銀行] JS 回傳 55 筆
2026-05-31 16:38:45,767 [DEBUG] [永豐銀行] 前 3 筆樣本:[('我要辦卡', ['合併專區', '關於永豐']), ('線上開卡', ['- 辦卡活動', '- 線上辦卡推薦活動']), ('VISA 無限卡', [])]
2026-05-31 16:38:45,767 [INFO] [永豐銀行] 21 張亮點為空,進詳細頁補抓 (上限 40,實補 21)
2026-05-31 16:38:47,135 [DEBUG] [永豐銀行] (1/21) VISA 無限卡: 補到 6 條
2026-05-31 16:38:48,942 [DEBUG] [永豐銀行] (2/21) VISA 御璽卡: 補到 6 條
2026-05-31 16:38:50,780 [DEBUG] [永豐銀行] (3/21) VISA 商務御璽卡: 補到 6 條
2026-05-31 16:38:52,613 [DEBUG] [永豐銀行] (4/21) Mastercard 世界卡: 補到 6 條
2026-05-31 16:38:54,443 [DEBUG] [永豐銀行] (5/21) Mastercard 鈦金商務卡: 補到 6 條
2026-05-31 16:38:56,280 [DEBUG] [永豐銀行] (6/21) MasterCard 世界商務卡: 補到 6 條
2026-05-31 16:38:58,107 [DEBUG] [永豐銀行] (7/21) Mastercard 鈦金卡: 補到 6 條
2026-05-31 16:39:00,007 [DEBUG] [永豐銀行] (8/21) Mastercard Debit卡: 補到 6 條
2026-05-31 16:39:01,881 [DEBUG] [永豐銀行] (9/21) JCB 晶緻卡: 補到 6 條
2026-05-31 16:39:03,984 [DEBUG] [永豐銀行] (10/21) 永傳世界卡: 補到 6 條
2026-05-31 16:39:05,843 [DEBUG] [永豐銀行] (11/21) DAWAY卡: 補到 6 條
2026-05-31 16:39:07,683 [DEBUG] [永豐銀行] (12/21) 永豐點字金融信用卡: 補到 6 條
2026-05-31 16:39:09,534 [DEBUG] [永豐銀行] (13/21) 中興大學悠遊認同卡: 補到 6 條
2026-05-31 16:39:11,389 [DEBUG] [永豐銀行] (14/21) SEA鈦金商務悠遊卡: 補到 6 條
2026-05-31 16:39:13,239 [DEBUG] [永豐銀行] (15/21) SPORT Debit卡: 補到 6 條
2026-05-31 16:39:17,432 [DEBUG] [永豐銀行] (16/21) 換發多幣卡: 補到 6 條
2026-05-31 16:39:19,239 [DEBUG] [永豐銀行] (17/21) 農騰卡: 補到 6 條
2026-05-31 16:39:21,063 [DEBUG] [永豐銀行] (18/21) 雄獅T&T白金卡: 補到 6 條
2026-05-31 16:39:22,916 [DEBUG] [永豐銀行] (19/21) 旅天下白金卡: 補到 6 條
2026-05-31 16:39:24,730 [DEBUG] [永豐銀行] (20/21) 山富採購卡: 補到 6 條
2026-05-31 16:39:26,572 [DEBUG] [永豐銀行] (21/21) 環球採購卡: 補到 6 條
2026-05-31 16:39:27,074 [INFO] [永豐銀行] 詳細頁補抓完成:21/21 張補到亮點
2026-05-31 16:39:27,074 [INFO]   ✅ 永豐銀行:54 張(JS回傳 55 → 有效 54)
2026-05-31 16:39:29,078 [INFO] 開始爬取:元大銀行(https://www.yuantabank.com.tw/bank/creditCard/creditCard/list.do)
2026-05-31 16:40:29,274 [ERROR] [元大銀行] 爬取錯誤:Page.screenshot: Timeout 30000ms exceeded.
Call log:
  - taking page screenshot
  - waiting for fonts to load...
  - fonts loaded

2026-05-31 16:40:31,277 [INFO] 開始爬取:凱基銀行(https://www.kgibank.com.tw/zh-tw/personal/credit-card/list)
2026-05-31 16:41:50,319 [ERROR] [凱基銀行] 爬取錯誤:Page.screenshot: Timeout 30000ms exceeded.
Call log:
  - taking page screenshot
  - waiting for fonts to load...
  - fonts loaded

2026-05-31 16:41:52,325 [INFO] 開始爬取:星展銀行(https://www.dbs.com.tw/personal-zh/cards/dbs-credit-cards/default.page)
2026-05-31 16:42:23,688 [INFO] [星展銀行] 截圖:debug_dbs.png
2026-05-31 16:42:23,715 [DEBUG] [星展銀行] JS 回傳 28 筆
2026-05-31 16:42:23,716 [DEBUG] [星展銀行] 前 3 筆樣本:[('線上開卡', []), ('申辦附卡', ['機場接送', '機場貴賓室']), ('星展傳說對決聯名卡', ['以指定星展帳戶設定信用卡自動轉帳付款：', '新戶享國內一般消費最高1.0% 現金積點回饋無上限、國外一般消費最高2.5% 現金積點回饋無上限'])]
2026-05-31 16:42:23,717 [INFO]   ✅ 星展銀行:27 張(JS回傳 28 → 有效 27)
2026-05-31 16:42:25,721 [INFO] 開始爬取:滙豐銀行(https://www.hsbc.com.tw/credit-cards/)
2026-05-31 16:43:17,760 [ERROR] [滙豐銀行] 爬取錯誤:Page.screenshot: Timeout 30000ms exceeded.
Call log:
  - taking page screenshot
  - waiting for fonts to load...
  - fonts loaded

2026-05-31 16:43:19,766 [INFO] 開始爬取:渣打銀行(https://www.sc.com/tw/credit-cards/)
2026-05-31 16:44:28,122 [ERROR] [渣打銀行] 爬取錯誤:Page.screenshot: Timeout 30000ms exceeded.
Call log:
  - taking page screenshot
  - waiting for fonts to load...
  - fonts loaded

2026-05-31 16:44:30,267 [INFO] 📊 完成:3/11 家成功
2026-05-31 16:44:30,267 [INFO] 📊 總計 94 張
2026-05-31 16:44:30,277 [INFO] ✅ 儲存:/Users/linpeiying/Desktop/material/學習/緯育/2026-02-緯育-資料工程/專題/credit_card_analysis/crawler_data/banks.csv(94 筆)
2026-05-31 16:48:10,106 [INFO] 使用瀏覽器:chrome
2026-05-31 16:48:11,091 [INFO] 開始爬取:中國信託銀行(第1次)(https://www.ctbcbank.com/twrbo/zh_tw/cc_index/cc_product/cc_introduction_index.html)
2026-05-31 16:48:19,842 [WARNING] [中國信託銀行] 被 WAF 擋 (APP-1053),3000ms 後重試
2026-05-31 16:48:22,844 [INFO] 開始爬取:中國信託銀行(第2次)(https://www.ctbcbank.com/twrbo/zh_tw/cc_index/cc_product/cc_introduction_index.html)
2026-05-31 16:48:27,033 [WARNING] [中國信託銀行] 被 WAF 擋 (APP-1053),6000ms 後重試
2026-05-31 16:48:33,038 [INFO] 開始爬取:中國信託銀行(第3次)(https://www.ctbcbank.com/twrbo/zh_tw/cc_index/cc_product/cc_introduction_index.html)
2026-05-31 16:48:37,408 [WARNING] [中國信託銀行] 重試後仍被擋,改試下一個 URL
2026-05-31 16:48:37,408 [INFO] 開始爬取:中國信託銀行(第1次)(https://www.ctbcbank.com/content/twrbo/zh_tw/cc_index/cc_product/cc_introduction_index.html)
2026-05-31 16:48:45,530 [WARNING] [中國信託銀行] 被 WAF 擋 (APP-1053),3000ms 後重試
2026-05-31 16:48:48,535 [INFO] 開始爬取:中國信託銀行(第2次)(https://www.ctbcbank.com/content/twrbo/zh_tw/cc_index/cc_product/cc_introduction_index.html)
2026-05-31 16:48:53,434 [WARNING] [中國信託銀行] 被 WAF 擋 (APP-1053),6000ms 後重試
2026-05-31 16:48:59,438 [INFO] 開始爬取:中國信託銀行(第3次)(https://www.ctbcbank.com/content/twrbo/zh_tw/cc_index/cc_product/cc_introduction_index.html)
2026-05-31 16:49:03,606 [WARNING] [中國信託銀行] 重試後仍被擋,改試下一個 URL
2026-05-31 16:49:03,606 [INFO] 開始爬取:中國信託銀行(第1次)(https://www.ctbcbank.com/twrbo/zh_tw/cc_index/cc_product/cc_hot.html)
2026-05-31 16:49:11,153 [WARNING] [中國信託銀行] 被 WAF 擋 (APP-1053),3000ms 後重試
2026-05-31 16:49:14,156 [INFO] 開始爬取:中國信託銀行(第2次)(https://www.ctbcbank.com/twrbo/zh_tw/cc_index/cc_product/cc_hot.html)
2026-05-31 16:49:18,760 [WARNING] [中國信託銀行] 被 WAF 擋 (APP-1053),6000ms 後重試
2026-05-31 16:49:24,767 [INFO] 開始爬取:中國信託銀行(第3次)(https://www.ctbcbank.com/twrbo/zh_tw/cc_index/cc_product/cc_hot.html)
2026-05-31 16:49:29,439 [WARNING] [中國信託銀行] 重試後仍被擋,改試下一個 URL
2026-05-31 16:49:29,439 [INFO] 開始爬取:中國信託銀行(第1次)(https://www.ctbcbank.com/content/twrbo/zh_tw/cc_index/cc_product/cc_hot.html)
2026-05-31 16:49:36,596 [WARNING] [中國信託銀行] 被 WAF 擋 (APP-1053),3000ms 後重試
2026-05-31 16:49:39,599 [INFO] 開始爬取:中國信託銀行(第2次)(https://www.ctbcbank.com/content/twrbo/zh_tw/cc_index/cc_product/cc_hot.html)
2026-05-31 16:49:43,993 [WARNING] [中國信託銀行] 被 WAF 擋 (APP-1053),6000ms 後重試
2026-05-31 16:49:49,997 [INFO] 開始爬取:中國信託銀行(第3次)(https://www.ctbcbank.com/content/twrbo/zh_tw/cc_index/cc_product/cc_hot.html)
2026-05-31 16:49:54,730 [WARNING] [中國信託銀行] 重試後仍被擋,改試下一個 URL
2026-05-31 16:49:54,730 [ERROR] [中國信託銀行] 所有 URL 失敗或皆回錯誤頁
2026-05-31 16:49:54,730 [WARNING] [中國信託銀行] 改用 hardcode 後備清單 (13 張)
2026-05-31 16:49:56,732 [INFO] 開始爬取:玉山銀行(https://www.esunbank.com/zh-tw/personal/credit-card/intro)
2026-05-31 16:51:03,216 [ERROR] [玉山銀行] 爬取錯誤:Page.screenshot: Timeout 30000ms exceeded.
Call log:
  - taking page screenshot
  - waiting for fonts to load...
  - fonts loaded

2026-05-31 16:51:05,223 [INFO] 開始爬取:國泰世華銀行(https://www.cathaybk.com.tw/cathaybk/personal/credit-card/)
2026-05-31 16:52:02,722 [ERROR] [國泰世華銀行] 爬取錯誤:Page.screenshot: Timeout 30000ms exceeded.
Call log:
  - taking page screenshot
  - waiting for fonts to load...
  - fonts loaded

2026-05-31 16:52:04,727 [INFO] 開始爬取:台北富邦銀行(https://www.fubon.com/banking/personal/credit_card/all_card/all_card.htm)
2026-05-31 16:53:12,839 [ERROR] [台北富邦銀行] 爬取錯誤:Page.screenshot: Timeout 30000ms exceeded.
Call log:
  - taking page screenshot
  - waiting for fonts to load...
  - fonts loaded

2026-05-31 16:53:14,844 [INFO] 開始爬取:台新銀行(https://www.taishinbank.com.tw/TSB/personal/credit/intro/overview/)
2026-05-31 16:54:13,613 [ERROR] [台新銀行] 爬取錯誤:Page.screenshot: Timeout 30000ms exceeded.
Call log:
  - taking page screenshot
  - waiting for fonts to load...
  - fonts loaded

2026-05-31 16:54:15,619 [INFO] 開始爬取:永豐銀行(https://bank.sinopac.com/sinopacBT/personal/credit-card/introduction/list.html)
2026-05-31 16:55:09,343 [ERROR] [永豐銀行] 爬取錯誤:Page.screenshot: Timeout 30000ms exceeded.
Call log:
  - taking page screenshot
  - waiting for fonts to load...
  - fonts loaded

2026-05-31 16:55:11,345 [INFO] 開始爬取:元大銀行(https://www.yuantabank.com.tw/bank/creditCard/creditCard/list.do)
2026-05-31 16:56:34,979 [ERROR] [元大銀行] 爬取錯誤:Page.screenshot: Timeout 30000ms exceeded.
Call log:
  - taking page screenshot
  - waiting for fonts to load...
  - fonts loaded

2026-05-31 16:56:36,985 [INFO] 開始爬取:凱基銀行(https://www.kgibank.com.tw/zh-tw/personal/credit-card/list)
2026-05-31 16:57:41,345 [ERROR] [凱基銀行] 爬取錯誤:Page.screenshot: Timeout 30000ms exceeded.
Call log:
  - taking page screenshot
  - waiting for fonts to load...
  - fonts loaded

2026-05-31 16:57:43,347 [INFO] 開始爬取:星展銀行(https://www.dbs.com.tw/personal-zh/cards/dbs-credit-cards/default.page)
2026-05-31 16:58:51,981 [ERROR] [星展銀行] 爬取錯誤:Page.screenshot: Timeout 30000ms exceeded.
Call log:
  - taking page screenshot
  - waiting for fonts to load...
  - fonts loaded

2026-05-31 16:58:53,985 [INFO] 開始爬取:滙豐銀行(https://www.hsbc.com.tw/credit-cards/)
2026-05-31 16:59:53,432 [ERROR] [滙豐銀行] 爬取錯誤:Page.screenshot: Timeout 30000ms exceeded.
Call log:
  - taking page screenshot
  - waiting for fonts to load...
  - fonts loaded

2026-05-31 16:59:55,438 [INFO] 開始爬取:渣打銀行(https://www.sc.com/tw/credit-cards/)
2026-05-31 17:00:53,269 [ERROR] [渣打銀行] 爬取錯誤:Page.screenshot: Timeout 30000ms exceeded.
Call log:
  - taking page screenshot
  - waiting for fonts to load...
  - fonts loaded

2026-05-31 17:00:55,401 [INFO] 📊 完成:1/11 家成功
2026-05-31 17:00:55,401 [INFO] 📊 總計 13 張
2026-05-31 17:00:55,415 [INFO] ✅ 儲存:/Users/linpeiying/Desktop/material/學習/緯育/2026-02-緯育-資料工程/專題/credit_card_analysis/crawler_data/banks.csv(13 筆)
2026-05-31 17:11:03,925 [INFO] 使用瀏覽器:chrome
2026-05-31 17:11:04,880 [INFO] 開始爬取:中國信託銀行(第1次)(https://www.ctbcbank.com/twrbo/zh_tw/cc_index/cc_product/cc_introduction_index.html)
2026-05-31 17:11:13,462 [WARNING] [中國信託銀行] 被 WAF 擋 (APP-1053),3000ms 後重試
2026-05-31 17:11:16,477 [INFO] 開始爬取:中國信託銀行(第2次)(https://www.ctbcbank.com/twrbo/zh_tw/cc_index/cc_product/cc_introduction_index.html)
2026-05-31 17:11:21,000 [WARNING] [中國信託銀行] 被 WAF 擋 (APP-1053),6000ms 後重試
2026-05-31 17:11:27,002 [INFO] 開始爬取:中國信託銀行(第3次)(https://www.ctbcbank.com/twrbo/zh_tw/cc_index/cc_product/cc_introduction_index.html)
2026-05-31 17:11:31,393 [WARNING] [中國信託銀行] 重試後仍被擋,改試下一個 URL
2026-05-31 17:11:31,394 [INFO] 開始爬取:中國信託銀行(第1次)(https://www.ctbcbank.com/content/twrbo/zh_tw/cc_index/cc_product/cc_introduction_index.html)
2026-05-31 17:11:39,113 [WARNING] [中國信託銀行] 被 WAF 擋 (APP-1053),3000ms 後重試
2026-05-31 17:11:42,114 [INFO] 開始爬取:中國信託銀行(第2次)(https://www.ctbcbank.com/content/twrbo/zh_tw/cc_index/cc_product/cc_introduction_index.html)
2026-05-31 17:11:46,617 [WARNING] [中國信託銀行] 被 WAF 擋 (APP-1053),6000ms 後重試
2026-05-31 17:11:52,621 [INFO] 開始爬取:中國信託銀行(第3次)(https://www.ctbcbank.com/content/twrbo/zh_tw/cc_index/cc_product/cc_introduction_index.html)
2026-05-31 17:11:56,527 [WARNING] [中國信託銀行] 重試後仍被擋,改試下一個 URL
2026-05-31 17:11:56,527 [INFO] 開始爬取:中國信託銀行(第1次)(https://www.ctbcbank.com/twrbo/zh_tw/cc_index/cc_product/cc_hot.html)
2026-05-31 17:12:04,969 [WARNING] [中國信託銀行] 被 WAF 擋 (APP-1053),3000ms 後重試
2026-05-31 17:12:07,974 [INFO] 開始爬取:中國信託銀行(第2次)(https://www.ctbcbank.com/twrbo/zh_tw/cc_index/cc_product/cc_hot.html)
2026-05-31 17:12:12,196 [WARNING] [中國信託銀行] 被 WAF 擋 (APP-1053),6000ms 後重試
2026-05-31 17:12:18,200 [INFO] 開始爬取:中國信託銀行(第3次)(https://www.ctbcbank.com/twrbo/zh_tw/cc_index/cc_product/cc_hot.html)
2026-05-31 17:12:22,338 [WARNING] [中國信託銀行] 重試後仍被擋,改試下一個 URL
2026-05-31 17:12:22,338 [INFO] 開始爬取:中國信託銀行(第1次)(https://www.ctbcbank.com/content/twrbo/zh_tw/cc_index/cc_product/cc_hot.html)
2026-05-31 17:12:28,773 [WARNING] [中國信託銀行] 被 WAF 擋 (APP-1053),3000ms 後重試
2026-05-31 17:12:31,776 [INFO] 開始爬取:中國信託銀行(第2次)(https://www.ctbcbank.com/content/twrbo/zh_tw/cc_index/cc_product/cc_hot.html)
2026-05-31 17:12:36,772 [WARNING] [中國信託銀行] 被 WAF 擋 (APP-1053),6000ms 後重試
2026-05-31 17:12:42,775 [INFO] 開始爬取:中國信託銀行(第3次)(https://www.ctbcbank.com/content/twrbo/zh_tw/cc_index/cc_product/cc_hot.html)
2026-05-31 17:12:47,935 [WARNING] [中國信託銀行] 重試後仍被擋,改試下一個 URL
2026-05-31 17:12:47,936 [ERROR] [中國信託銀行] 所有 URL 失敗或皆回錯誤頁
2026-05-31 17:12:47,936 [WARNING] [中國信託銀行] 改用 hardcode 後備清單 (13 張)
2026-05-31 17:12:49,943 [INFO] 開始爬取:玉山銀行(https://www.esunbank.com/zh-tw/personal/credit-card/intro)
2026-05-31 17:13:05,818 [INFO] [玉山銀行] 截圖:debug_esun.png
2026-05-31 17:13:06,612 [DEBUG] [玉山銀行] JS 回傳 61 筆
2026-05-31 17:13:06,613 [DEBUG] [玉山銀行] 前 3 筆樣本:[('全球企業卡', ['存匯首頁', '臺幣服務']), ('國民旅遊卡 / 採購卡', []), ('悠遊卡', [])]
2026-05-31 17:13:06,614 [INFO]   ✅ 玉山銀行:55 張(JS回傳 61 → 有效 55)
2026-05-31 17:13:08,619 [INFO] 開始爬取:國泰世華銀行(https://www.cathaybk.com.tw/cathaybk/personal/credit-card/)
2026-05-31 17:13:24,076 [INFO] [國泰世華銀行] 截圖:debug_cathaybk.png
2026-05-31 17:13:24,086 [DEBUG] [國泰世華銀行] JS 回傳 27 筆
2026-05-31 17:13:24,086 [DEBUG] [國泰世華銀行] 前 3 筆樣本:[('CUBE卡', ['投資／信託／保險', '貴賓權益']), ('立即辦卡', ['上市加碼活動享最優 5元=1里', '優惠介紹']), ('蝦皮購物聯名卡', ['蝦皮購物消費最高20%蝦幣回饋', '月月滿額享免運券'])]
2026-05-31 17:13:24,087 [INFO]   ✅ 國泰世華銀行:16 張(JS回傳 27 → 有效 16)
2026-05-31 17:13:26,089 [INFO] 開始爬取:台北富邦銀行(https://www.fubon.com/banking/personal/credit_card/all_card/all_card.htm)
2026-05-31 17:13:40,862 [INFO] [台北富邦銀行] 截圖:debug_fubon.png
2026-05-31 17:13:40,873 [DEBUG] [台北富邦銀行] JS 回傳 45 筆
2026-05-31 17:13:40,874 [DEBUG] [台北富邦銀行] 前 3 筆樣本:[('辦卡．開卡', []), ('線上開卡', []), ('金融卡', ['優惠活動'])]
2026-05-31 17:13:40,874 [INFO]   ✅ 台北富邦銀行:43 張(JS回傳 45 → 有效 43)
2026-05-31 17:13:42,876 [INFO] 開始爬取:台新銀行(https://www.taishinbank.com.tw/TSB/personal/credit/intro/overview/)
2026-05-31 17:13:58,289 [INFO] [台新銀行] 截圖:debug_taishin.png
2026-05-31 17:13:58,467 [DEBUG] [台新銀行] JS 回傳 22 筆
2026-05-31 17:13:58,467 [DEBUG] [台新銀行] 前 3 筆樣本:[('線上開卡', ['線上辦卡', '繳信用卡費']), ('外籍人士辦卡', ['信用卡總覽', '信用卡推薦']), ('晶片金融卡', ['匯率查詢', '利率查詢'])]
2026-05-31 17:13:58,468 [INFO]   ✅ 台新銀行:21 張(JS回傳 22 → 有效 21)
2026-05-31 17:14:00,469 [INFO] 開始爬取:永豐銀行(https://bank.sinopac.com/sinopacBT/personal/credit-card/introduction/list.html)
2026-05-31 17:14:14,938 [INFO] [永豐銀行] 截圖:debug_sinopac.png
2026-05-31 17:14:14,952 [DEBUG] [永豐銀行] JS 回傳 55 筆
2026-05-31 17:14:14,952 [DEBUG] [永豐銀行] 前 3 筆樣本:[('我要辦卡', ['合併專區', '關於永豐']), ('線上開卡', ['- 辦卡活動', '- 線上辦卡推薦活動']), ('VISA 無限卡', [])]
2026-05-31 17:14:14,954 [INFO] [永豐銀行] 21 張亮點為空,進詳細頁補抓 (上限 40,實補 21)
2026-05-31 17:14:16,476 [DEBUG] [永豐銀行] (1/21) VISA 無限卡: 補到 6 條
2026-05-31 17:14:18,291 [DEBUG] [永豐銀行] (2/21) VISA 御璽卡: 補到 6 條
2026-05-31 17:14:20,097 [DEBUG] [永豐銀行] (3/21) VISA 商務御璽卡: 補到 6 條
2026-05-31 17:14:21,943 [DEBUG] [永豐銀行] (4/21) Mastercard 世界卡: 補到 6 條
2026-05-31 17:14:23,979 [DEBUG] [永豐銀行] (5/21) Mastercard 鈦金商務卡: 補到 6 條
2026-05-31 17:14:26,021 [DEBUG] [永豐銀行] (6/21) MasterCard 世界商務卡: 補到 6 條
2026-05-31 17:14:27,861 [DEBUG] [永豐銀行] (7/21) Mastercard 鈦金卡: 補到 6 條
2026-05-31 17:14:29,680 [DEBUG] [永豐銀行] (8/21) Mastercard Debit卡: 補到 6 條
2026-05-31 17:14:31,676 [DEBUG] [永豐銀行] (9/21) JCB 晶緻卡: 補到 6 條
2026-05-31 17:14:34,483 [DEBUG] [永豐銀行] (10/21) 永傳世界卡: 補到 6 條
2026-05-31 17:14:36,318 [DEBUG] [永豐銀行] (11/21) DAWAY卡: 補到 6 條
2026-05-31 17:14:38,156 [DEBUG] [永豐銀行] (12/21) 永豐點字金融信用卡: 補到 6 條
2026-05-31 17:14:39,975 [DEBUG] [永豐銀行] (13/21) 中興大學悠遊認同卡: 補到 6 條
2026-05-31 17:14:41,797 [DEBUG] [永豐銀行] (14/21) SEA鈦金商務悠遊卡: 補到 6 條
2026-05-31 17:14:43,637 [DEBUG] [永豐銀行] (15/21) SPORT Debit卡: 補到 6 條
2026-05-31 17:14:47,176 [DEBUG] [永豐銀行] (16/21) 換發多幣卡: 補到 6 條
2026-05-31 17:14:48,991 [DEBUG] [永豐銀行] (17/21) 農騰卡: 補到 6 條
2026-05-31 17:14:50,826 [DEBUG] [永豐銀行] (18/21) 雄獅T&T白金卡: 補到 6 條
2026-05-31 17:14:52,680 [DEBUG] [永豐銀行] (19/21) 旅天下白金卡: 補到 6 條
2026-05-31 17:14:54,492 [DEBUG] [永豐銀行] (20/21) 山富採購卡: 補到 6 條
2026-05-31 17:14:56,326 [DEBUG] [永豐銀行] (21/21) 環球採購卡: 補到 6 條
2026-05-31 17:14:56,828 [INFO] [永豐銀行] 詳細頁補抓完成:21/21 張補到亮點
2026-05-31 17:14:56,828 [INFO]   ✅ 永豐銀行:54 張(JS回傳 55 → 有效 54)
2026-05-31 17:14:58,830 [INFO] 開始爬取:元大銀行(https://www.yuantabank.com.tw/bank/creditCard/creditCard/list.do)
2026-05-31 17:15:54,514 [WARNING] [元大銀行] full_page 截圖失敗 (TimeoutError),改截可視範圍
2026-05-31 17:16:04,516 [WARNING] [元大銀行] viewport 截圖也失敗,略過:TimeoutError
2026-05-31 17:16:04,541 [DEBUG] [元大銀行] JS 回傳 13 筆
2026-05-31 17:16:04,541 [DEBUG] [元大銀行] 前 3 筆樣本:[('鑽金智富卡', ['個人金融', '法人金融']), ('鑽金智富悠遊聯名卡', []), ('分享黑啤悠遊聯名卡', [])]
2026-05-31 17:16:04,542 [INFO] [元大銀行] 12 張亮點為空,進詳細頁補抓 (上限 40,實補 12)
2026-05-31 17:16:06,300 [DEBUG] [元大銀行] (1/12) 鑽金智富悠遊聯名卡: 補到 6 條
2026-05-31 17:16:08,368 [DEBUG] [元大銀行] (2/12) 分享黑啤悠遊聯名卡: 補到 6 條
2026-05-31 17:16:10,422 [DEBUG] [元大銀行] (3/12) 鑽金悠遊聯名卡: 補到 6 條
2026-05-31 17:16:12,507 [DEBUG] [元大銀行] (4/12) 鑽金智富iPASS聯名卡: 補到 6 條
2026-05-31 17:16:14,628 [DEBUG] [元大銀行] (5/12) 鑽金智富icash聯名卡: 補到 6 條
2026-05-31 17:16:16,752 [DEBUG] [元大銀行] (6/12) 元大證券聯名卡: 補到 6 條
2026-05-31 17:16:18,896 [DEBUG] [元大銀行] (7/12) Hello Kitty鑽金聯名卡: 補到 6 條
2026-05-31 17:16:21,054 [DEBUG] [元大銀行] (8/12) Hello Kitty分享聯名卡: 補到 6 條
2026-05-31 17:16:23,170 [DEBUG] [元大銀行] (9/12) Hello Kitty點數聯名卡: 補到 6 條
2026-05-31 17:16:25,172 [DEBUG] [元大銀行] (10/12) 鑽金icash聯名卡: 補到 6 條
2026-05-31 17:16:27,187 [DEBUG] [元大銀行] (11/12) icash愛現晶緻/鈦金卡: 補到 6 條
2026-05-31 17:16:29,248 [DEBUG] [元大銀行] (12/12) 樂享晶緻/icash樂享卡: 補到 6 條
2026-05-31 17:16:29,751 [INFO] [元大銀行] 詳細頁補抓完成:12/12 張補到亮點
2026-05-31 17:16:29,751 [INFO]   ✅ 元大銀行:13 張(JS回傳 13 → 有效 13)
2026-05-31 17:16:31,757 [INFO] 開始爬取:凱基銀行(https://www.kgibank.com.tw/zh-tw/personal/credit-card/list)
2026-05-31 17:17:15,922 [WARNING] [凱基銀行] full_page 截圖失敗 (TimeoutError),改截可視範圍
2026-05-31 17:17:25,926 [WARNING] [凱基銀行] viewport 截圖也失敗,略過:TimeoutError
2026-05-31 17:17:25,957 [DEBUG] [凱基銀行] JS 回傳 23 筆
2026-05-31 17:17:25,957 [DEBUG] [凱基銀行] 前 3 筆樣本:[('誠品聯名卡', []), ('幣享卡', []), ('凱基無限卡', [])]
2026-05-31 17:17:25,957 [INFO]   ✅ 凱基銀行:19 張(JS回傳 23 → 有效 19)
2026-05-31 17:17:27,960 [INFO] 開始爬取:星展銀行(https://www.dbs.com.tw/personal-zh/cards/dbs-credit-cards/default.page)
2026-05-31 17:18:25,658 [WARNING] [星展銀行] full_page 截圖失敗 (TimeoutError),改截可視範圍
2026-05-31 17:18:35,663 [WARNING] [星展銀行] viewport 截圖也失敗,略過:TimeoutError
2026-05-31 17:18:35,717 [DEBUG] [星展銀行] JS 回傳 28 筆
2026-05-31 17:18:35,717 [DEBUG] [星展銀行] 前 3 筆樣本:[('線上開卡', []), ('申辦附卡', ['機場接送', '機場貴賓室']), ('星展傳說對決聯名卡', ['以指定星展帳戶設定信用卡自動轉帳付款：', '新戶享國內一般消費最高1.0% 現金積點回饋無上限、國外一般消費最高2.5% 現金積點回饋無上限'])]
2026-05-31 17:18:35,718 [INFO]   ✅ 星展銀行:27 張(JS回傳 28 → 有效 27)
2026-05-31 17:18:37,721 [INFO] 開始爬取:滙豐銀行(https://www.hsbc.com.tw/credit-cards/)
2026-05-31 17:19:15,466 [WARNING] [滙豐銀行] full_page 截圖失敗 (TimeoutError),改截可視範圍
2026-05-31 17:19:25,472 [WARNING] [滙豐銀行] viewport 截圖也失敗,略過:TimeoutError
2026-05-31 17:19:25,486 [DEBUG] [滙豐銀行] JS 回傳 17 筆
2026-05-31 17:19:25,486 [DEBUG] [滙豐銀行] 前 3 筆樣本:[('Visa金融卡', []), ('環球Visa金融卡', []), ('卓越理財信用卡', [])]
2026-05-31 17:19:25,486 [INFO]   ✅ 滙豐銀行:15 張(JS回傳 17 → 有效 15)
2026-05-31 17:19:27,491 [INFO] 開始爬取:渣打銀行(https://www.sc.com/tw/credit-cards/)
2026-05-31 17:20:21,386 [WARNING] [渣打銀行] full_page 截圖失敗 (TimeoutError),改截可視範圍
2026-05-31 17:20:31,391 [WARNING] [渣打銀行] viewport 截圖也失敗,略過:TimeoutError
2026-05-31 17:20:31,404 [DEBUG] [渣打銀行] JS 回傳 19 筆
2026-05-31 17:20:31,404 [DEBUG] [渣打銀行] 前 3 筆樣本:[('渣打VISA金融卡', ['心幸福數位帳戶', '台外幣存款']), ('渣打LINE Bank聯名卡', []), ('渣打現金回饋御璽卡', [])]
2026-05-31 17:20:31,404 [INFO]   ✅ 渣打銀行:12 張(JS回傳 19 → 有效 12)
2026-05-31 17:20:33,558 [INFO] 📊 完成:11/11 家成功
2026-05-31 17:20:33,558 [INFO] 📊 總計 288 張
2026-05-31 17:20:33,571 [INFO] ✅ 儲存:/Users/linpeiying/Desktop/material/學習/緯育/2026-02-緯育-資料工程/專題/credit_card_analysis/crawler_data/banks.csv(288 筆)
2026-05-31 17:32:51,316 [INFO] 使用瀏覽器:chrome
2026-05-31 17:32:52,311 [INFO] 開始爬取:中國信託銀行(第1次)(https://www.ctbcbank.com/twrbo/zh_tw/cc_index/cc_product/cc_introduction_index.html)
2026-05-31 17:33:00,253 [WARNING] [中國信託銀行] 被 WAF 擋 (APP-1053),3000ms 後重試
2026-05-31 17:33:03,255 [INFO] 開始爬取:中國信託銀行(第2次)(https://www.ctbcbank.com/twrbo/zh_tw/cc_index/cc_product/cc_introduction_index.html)
2026-05-31 17:33:06,985 [WARNING] [中國信託銀行] 被 WAF 擋 (APP-1053),6000ms 後重試
2026-05-31 17:33:12,989 [INFO] 開始爬取:中國信託銀行(第3次)(https://www.ctbcbank.com/twrbo/zh_tw/cc_index/cc_product/cc_introduction_index.html)
2026-05-31 17:33:17,495 [WARNING] [中國信託銀行] 重試後仍被擋,改試下一個 URL
2026-05-31 17:33:17,495 [INFO] 開始爬取:中國信託銀行(第1次)(https://www.ctbcbank.com/content/twrbo/zh_tw/cc_index/cc_product/cc_introduction_index.html)
2026-05-31 17:33:25,877 [WARNING] [中國信託銀行] 被 WAF 擋 (APP-1053),3000ms 後重試
2026-05-31 17:33:28,880 [INFO] 開始爬取:中國信託銀行(第2次)(https://www.ctbcbank.com/content/twrbo/zh_tw/cc_index/cc_product/cc_introduction_index.html)
2026-05-31 17:33:33,422 [WARNING] [中國信託銀行] 被 WAF 擋 (APP-1053),6000ms 後重試
2026-05-31 17:33:39,424 [INFO] 開始爬取:中國信託銀行(第3次)(https://www.ctbcbank.com/content/twrbo/zh_tw/cc_index/cc_product/cc_introduction_index.html)
2026-05-31 17:33:43,806 [WARNING] [中國信託銀行] 重試後仍被擋,改試下一個 URL
2026-05-31 17:33:43,806 [INFO] 開始爬取:中國信託銀行(第1次)(https://www.ctbcbank.com/twrbo/zh_tw/cc_index/cc_product/cc_hot.html)
2026-05-31 17:33:52,534 [WARNING] [中國信託銀行] 被 WAF 擋 (APP-1053),3000ms 後重試
2026-05-31 17:33:55,537 [INFO] 開始爬取:中國信託銀行(第2次)(https://www.ctbcbank.com/twrbo/zh_tw/cc_index/cc_product/cc_hot.html)
2026-05-31 17:33:59,900 [WARNING] [中國信託銀行] 被 WAF 擋 (APP-1053),6000ms 後重試
2026-05-31 17:34:05,902 [INFO] 開始爬取:中國信託銀行(第3次)(https://www.ctbcbank.com/twrbo/zh_tw/cc_index/cc_product/cc_hot.html)
2026-05-31 17:34:10,218 [WARNING] [中國信託銀行] 重試後仍被擋,改試下一個 URL
2026-05-31 17:34:10,219 [INFO] 開始爬取:中國信託銀行(第1次)(https://www.ctbcbank.com/content/twrbo/zh_tw/cc_index/cc_product/cc_hot.html)
2026-05-31 17:34:16,517 [WARNING] [中國信託銀行] 被 WAF 擋 (APP-1053),3000ms 後重試
2026-05-31 17:34:19,521 [INFO] 開始爬取:中國信託銀行(第2次)(https://www.ctbcbank.com/content/twrbo/zh_tw/cc_index/cc_product/cc_hot.html)
2026-05-31 17:34:23,098 [WARNING] [中國信託銀行] 被 WAF 擋 (APP-1053),6000ms 後重試
2026-05-31 17:34:29,101 [INFO] 開始爬取:中國信託銀行(第3次)(https://www.ctbcbank.com/content/twrbo/zh_tw/cc_index/cc_product/cc_hot.html)
2026-05-31 17:34:33,968 [WARNING] [中國信託銀行] 重試後仍被擋,改試下一個 URL
2026-05-31 17:34:33,968 [ERROR] [中國信託銀行] 所有 URL 失敗或皆回錯誤頁
2026-05-31 17:34:33,969 [WARNING] [中國信託銀行] 改用 hardcode 後備清單 (13 張)
2026-05-31 17:34:35,972 [INFO] 開始爬取:玉山銀行(https://www.esunbank.com/zh-tw/personal/credit-card/intro)
2026-05-31 17:35:23,545 [WARNING] [玉山銀行] full_page 截圖失敗 (TimeoutError),改截可視範圍
2026-05-31 17:35:33,550 [WARNING] [玉山銀行] viewport 截圖也失敗,略過:TimeoutError
2026-05-31 17:35:33,565 [DEBUG] [玉山銀行] JS 回傳 61 筆
2026-05-31 17:35:33,565 [DEBUG] [玉山銀行] 前 3 筆樣本:[('悠遊卡', []), ('Mastercard', []), ('玉山Unicard', ['LINE Pay、韓國、新光三越、蝦皮購物、台灣中油享最高4.5%回饋', '百大指定消費涵蓋餐飲、旅遊等十大類別'])]
2026-05-31 17:35:33,566 [INFO]   ✅ 玉山銀行:55 張(JS回傳 61 → 有效 55)
2026-05-31 17:35:35,570 [INFO] 開始爬取:國泰世華銀行(https://www.cathaybk.com.tw/cathaybk/personal/credit-card/)
2026-05-31 17:36:15,198 [WARNING] [國泰世華銀行] full_page 截圖失敗 (TimeoutError),改截可視範圍
2026-05-31 17:36:25,204 [WARNING] [國泰世華銀行] viewport 截圖也失敗,略過:TimeoutError
2026-05-31 17:36:25,219 [DEBUG] [國泰世華銀行] JS 回傳 26 筆
2026-05-31 17:36:25,219 [DEBUG] [國泰世華銀行] 前 3 筆樣本:[('立即辦卡', ['上市加碼活動享最優 5元=1里', '優惠介紹']), ('蝦皮購物聯名卡', ['蝦皮購物消費最高20%蝦幣回饋', '月月滿額享免運券']), ('長榮航空聯名卡', ['倍速哩遇最優10元1哩', '飛航尊享機票/機上免稅品9折起'])]
2026-05-31 17:36:25,219 [INFO]   ✅ 國泰世華銀行:15 張(JS回傳 26 → 有效 15)
2026-05-31 17:36:27,224 [INFO] 開始爬取:台北富邦銀行(https://www.fubon.com/banking/personal/credit_card/all_card/all_card.htm)
2026-05-31 17:37:11,483 [WARNING] [台北富邦銀行] full_page 截圖失敗 (TimeoutError),改截可視範圍
2026-05-31 17:37:21,488 [WARNING] [台北富邦銀行] viewport 截圖也失敗,略過:TimeoutError
2026-05-31 17:37:21,497 [DEBUG] [台北富邦銀行] JS 回傳 42 筆
2026-05-31 17:37:21,497 [DEBUG] [台北富邦銀行] 前 3 筆樣本:[('辦卡．開卡', ['個人金融', '卡片總覽']), ('富邦J卡', ['新戶完成指定任務贈：TRAVEL FOX 24吋行李箱', '日韓泰旅遊最高6%回饋']), ('富邦鑽保卡', ['保費最高享12期0利率', '一般消費享0.7%回饋'])]
2026-05-31 17:37:21,498 [INFO]   ✅ 台北富邦銀行:41 張(JS回傳 42 → 有效 41)
2026-05-31 17:37:23,499 [INFO] 開始爬取:台新銀行(https://www.taishinbank.com.tw/TSB/personal/credit/intro/overview/)
2026-05-31 17:38:11,249 [WARNING] [台新銀行] full_page 截圖失敗 (TimeoutError),改截可視範圍
2026-05-31 17:38:21,254 [WARNING] [台新銀行] viewport 截圖也失敗,略過:TimeoutError
2026-05-31 17:38:21,265 [DEBUG] [台新銀行] JS 回傳 15 筆
2026-05-31 17:38:21,265 [DEBUG] [台新銀行] 前 3 筆樣本:[('台新Richart卡', ['7大方案上萬家通路 最高3.8%回饋', '保費一次付清最高1.3%；不限金額分12期0利率']), ('大全聯信用卡', []), ('更大 更全 大全聯信用卡', [])]
2026-05-31 17:38:21,266 [INFO]   ✅ 台新銀行:15 張(JS回傳 15 → 有效 15)
2026-05-31 17:38:23,271 [INFO] 開始爬取:永豐銀行(https://bank.sinopac.com/sinopacBT/personal/credit-card/introduction/list.html)
2026-05-31 17:39:06,324 [WARNING] [永豐銀行] full_page 截圖失敗 (TimeoutError),改截可視範圍
2026-05-31 17:39:16,330 [WARNING] [永豐銀行] viewport 截圖也失敗,略過:TimeoutError
2026-05-31 17:39:16,338 [DEBUG] [永豐銀行] JS 回傳 55 筆
2026-05-31 17:39:16,338 [DEBUG] [永豐銀行] 前 3 筆樣本:[('我要辦卡', []), ('線上開卡', ['- 辦卡活動', '- 線上辦卡推薦活動']), ('VISA 無限卡', [])]
2026-05-31 17:39:16,339 [INFO] [永豐銀行] 21 張亮點為空,進詳細頁補抓 (上限 40,實補 21)
2026-05-31 17:39:17,835 [DEBUG] [永豐銀行] (1/21) VISA 無限卡: 補到 6 條
2026-05-31 17:39:19,782 [DEBUG] [永豐銀行] (2/21) VISA 御璽卡: 補到 6 條
2026-05-31 17:39:21,714 [DEBUG] [永豐銀行] (3/21) VISA 商務御璽卡: 補到 6 條
2026-05-31 17:39:23,654 [DEBUG] [永豐銀行] (4/21) Mastercard 世界卡: 補到 6 條
2026-05-31 17:39:25,617 [DEBUG] [永豐銀行] (5/21) Mastercard 鈦金商務卡: 補到 6 條
2026-05-31 17:39:27,667 [DEBUG] [永豐銀行] (6/21) MasterCard 世界商務卡: 補到 6 條
2026-05-31 17:39:29,523 [DEBUG] [永豐銀行] (7/21) Mastercard 鈦金卡: 補到 6 條
2026-05-31 17:39:31,396 [DEBUG] [永豐銀行] (8/21) Mastercard Debit卡: 補到 6 條
2026-05-31 17:39:33,264 [DEBUG] [永豐銀行] (9/21) JCB 晶緻卡: 補到 6 條
2026-05-31 17:39:35,232 [DEBUG] [永豐銀行] (10/21) 永傳世界卡: 補到 6 條
2026-05-31 17:39:37,070 [DEBUG] [永豐銀行] (11/21) DAWAY卡: 補到 6 條
2026-05-31 17:39:38,924 [DEBUG] [永豐銀行] (12/21) 永豐點字金融信用卡: 補到 6 條
2026-05-31 17:39:40,738 [DEBUG] [永豐銀行] (13/21) 中興大學悠遊認同卡: 補到 6 條
2026-05-31 17:39:42,593 [DEBUG] [永豐銀行] (14/21) SEA鈦金商務悠遊卡: 補到 6 條
2026-05-31 17:39:44,401 [DEBUG] [永豐銀行] (15/21) SPORT Debit卡: 補到 6 條
2026-05-31 17:39:47,464 [DEBUG] [永豐銀行] (16/21) 換發多幣卡: 詳細頁也無亮點
2026-05-31 17:39:49,285 [DEBUG] [永豐銀行] (17/21) 農騰卡: 補到 6 條
2026-05-31 17:39:51,099 [DEBUG] [永豐銀行] (18/21) 雄獅T&T白金卡: 補到 6 條
2026-05-31 17:39:52,889 [DEBUG] [永豐銀行] (19/21) 旅天下白金卡: 補到 6 條
2026-05-31 17:39:54,716 [DEBUG] [永豐銀行] (20/21) 山富採購卡: 補到 6 條
2026-05-31 17:39:56,570 [DEBUG] [永豐銀行] (21/21) 環球採購卡: 補到 6 條
2026-05-31 17:39:57,074 [INFO] [永豐銀行] 詳細頁補抓完成:20/21 張補到亮點
2026-05-31 17:39:57,074 [INFO]   ✅ 永豐銀行:54 張(JS回傳 55 → 有效 54)
2026-05-31 17:39:59,075 [INFO] 開始爬取:元大銀行(https://www.yuantabank.com.tw/bank/creditCard/creditCard/list.do)
2026-05-31 17:40:52,769 [WARNING] [元大銀行] full_page 截圖失敗 (TimeoutError),改截可視範圍
2026-05-31 17:41:02,773 [WARNING] [元大銀行] viewport 截圖也失敗,略過:TimeoutError
2026-05-31 17:41:02,779 [DEBUG] [元大銀行] JS 回傳 13 筆
2026-05-31 17:41:02,779 [DEBUG] [元大銀行] 前 3 筆樣本:[('鑽金智富悠遊聯名卡', []), ('分享黑啤悠遊聯名卡', []), ('鑽金悠遊聯名卡', [])]
2026-05-31 17:41:02,779 [INFO] [元大銀行] 13 張亮點為空,進詳細頁補抓 (上限 40,實補 13)
2026-05-31 17:41:04,354 [DEBUG] [元大銀行] (1/13) 鑽金智富悠遊聯名卡: 補到 6 條
2026-05-31 17:41:06,416 [DEBUG] [元大銀行] (2/13) 分享黑啤悠遊聯名卡: 補到 6 條
2026-05-31 17:41:08,477 [DEBUG] [元大銀行] (3/13) 鑽金悠遊聯名卡: 補到 6 條
2026-05-31 17:41:10,526 [DEBUG] [元大銀行] (4/13) 鑽金智富iPASS聯名卡: 補到 6 條
2026-05-31 17:41:12,555 [DEBUG] [元大銀行] (5/13) 鑽金智富卡: 補到 6 條
2026-05-31 17:41:14,584 [DEBUG] [元大銀行] (6/13) 鑽金智富icash聯名卡: 補到 6 條
2026-05-31 17:41:16,618 [DEBUG] [元大銀行] (7/13) 元大證券聯名卡: 補到 6 條
2026-05-31 17:41:18,645 [DEBUG] [元大銀行] (8/13) Hello Kitty鑽金聯名卡: 補到 6 條
2026-05-31 17:41:20,688 [DEBUG] [元大銀行] (9/13) Hello Kitty分享聯名卡: 補到 5 條
2026-05-31 17:41:22,662 [DEBUG] [元大銀行] (10/13) Hello Kitty點數聯名卡: 補到 4 條
2026-05-31 17:41:24,751 [DEBUG] [元大銀行] (11/13) 鑽金icash聯名卡: 補到 6 條
2026-05-31 17:41:26,751 [DEBUG] [元大銀行] (12/13) icash愛現晶緻/鈦金卡: 補到 6 條
2026-05-31 17:41:28,745 [DEBUG] [元大銀行] (13/13) 樂享晶緻/icash樂享卡: 補到 6 條
2026-05-31 17:41:29,248 [INFO] [元大銀行] 詳細頁補抓完成:13/13 張補到亮點
2026-05-31 17:41:29,248 [INFO]   ✅ 元大銀行:13 張(JS回傳 13 → 有效 13)
2026-05-31 17:41:31,253 [INFO] 開始爬取:凱基銀行(https://www.kgibank.com.tw/zh-tw/personal/credit-card/list)
2026-05-31 17:42:14,151 [WARNING] [凱基銀行] full_page 截圖失敗 (TimeoutError),改截可視範圍
2026-05-31 17:42:24,155 [WARNING] [凱基銀行] viewport 截圖也失敗,略過:TimeoutError
2026-05-31 17:42:24,162 [DEBUG] [凱基銀行] JS 回傳 0 筆
2026-05-31 17:42:24,162 [INFO]   ✅ 凱基銀行:0 張(JS回傳 0 → 有效 0)
2026-05-31 17:42:26,166 [INFO] 開始爬取:星展銀行(https://www.dbs.com.tw/personal-zh/cards/dbs-credit-cards/default.page)
2026-05-31 17:43:07,990 [WARNING] [星展銀行] full_page 截圖失敗 (TimeoutError),改截可視範圍
2026-05-31 17:43:17,997 [WARNING] [星展銀行] viewport 截圖也失敗,略過:TimeoutError
2026-05-31 17:43:18,013 [DEBUG] [星展銀行] JS 回傳 26 筆
2026-05-31 17:43:18,013 [DEBUG] [星展銀行] 前 3 筆樣本:[('星展傳說對決聯名卡', ['以指定星展帳戶設定信用卡自動轉帳付款：', '新戶享國內一般消費最高1.0% 現金積點回饋無上限、國外一般消費最高2.5% 現金積點回饋無上限']), ('星展eco永續卡', ['國內／國外一般消費享1%現金積點回饋無上限', '日本／韓國／泰國／新加坡／美洲／歐洲地區 享加碼最高5%回饋']), ('星展飛行世界商務卡', ['最優NT$18=1點飛行積金', '1 年 2 次免費全球機場貴賓室'])]
2026-05-31 17:43:18,013 [INFO]   ✅ 星展銀行:26 張(JS回傳 26 → 有效 26)
2026-05-31 17:43:20,016 [INFO] 開始爬取:滙豐銀行(https://www.hsbc.com.tw/credit-cards/)
2026-05-31 17:43:48,845 [WARNING] [滙豐銀行] full_page 截圖失敗 (TimeoutError),改截可視範圍
2026-05-31 17:43:58,851 [WARNING] [滙豐銀行] viewport 截圖也失敗,略過:TimeoutError
2026-05-31 17:43:58,858 [DEBUG] [滙豐銀行] JS 回傳 1 筆
2026-05-31 17:43:58,858 [DEBUG] [滙豐銀行] 前 3 筆樣本:[('滙豐信用卡', ['刷卡消費即享現金、哩程、 紅利等多樣回饋。精采禮遇，近在咫尺！'])]
2026-05-31 17:43:58,858 [INFO]   ✅ 滙豐銀行:1 張(JS回傳 1 → 有效 1)
2026-05-31 17:44:00,864 [INFO] 開始爬取:渣打銀行(https://www.sc.com/tw/credit-cards/)
2026-05-31 17:44:54,451 [WARNING] [渣打銀行] full_page 截圖失敗 (TimeoutError),改截可視範圍
2026-05-31 17:45:04,459 [WARNING] [渣打銀行] viewport 截圖也失敗,略過:TimeoutError
2026-05-31 17:45:04,506 [DEBUG] [渣打銀行] JS 回傳 16 筆
2026-05-31 17:45:04,506 [DEBUG] [渣打銀行] 前 3 筆樣本:[('渣打LINE Bank聯名卡', ['一般刷卡新增消費享 國內1% / 國外1% 現金回饋無上限', '單筆滿千消費分期不限次數享 3期0利率 申請免手續費']), ('渣打現金回饋御璽卡', ['國內外消費均享最高 1% 現金回饋', '信用卡正卡申請人 年齡限18歲以上。']), ('渣打優先理財無限卡', ['一年 2次 國際機場接或送服務', '一年 2次 使用全球機場貴賓室'])]
2026-05-31 17:45:04,507 [INFO]   ✅ 渣打銀行:11 張(JS回傳 16 → 有效 11)
2026-05-31 17:45:06,628 [INFO] 📊 完成:10/11 家成功
2026-05-31 17:45:06,628 [INFO] 📊 總計 244 張
2026-05-31 17:45:06,642 [INFO] ✅ 儲存:/Users/linpeiying/Desktop/material/學習/緯育/2026-02-緯育-資料工程/專題/credit_card_analysis/crawler_data/banks.csv(244 筆)
2026-05-31 17:54:16,563 [INFO] 中國信託銀行:直接使用 hardcode 清單 (13 張)
2026-05-31 17:54:17,461 [INFO] 使用瀏覽器:chrome
2026-05-31 17:54:18,056 [INFO] 開始爬取:玉山銀行(https://www.esunbank.com/zh-tw/personal/credit-card/intro)
2026-05-31 17:54:34,107 [INFO] [玉山銀行] 截圖:debug_esun.png
2026-05-31 17:54:34,120 [DEBUG] [玉山銀行] JS 回傳 61 筆
2026-05-31 17:54:34,120 [DEBUG] [玉山銀行] 前 3 筆樣本:[('悠遊卡', []), ('Mastercard', []), ('玉山Unicard', ['LINE Pay、韓國、新光三越、蝦皮購物、台灣中油享最高4.5%回饋', '百大指定消費涵蓋餐飲、旅遊等十大類別'])]
2026-05-31 17:54:34,122 [INFO]   ✅ 玉山銀行:55 張(JS回傳 61 → 有效 55)
2026-05-31 17:54:36,123 [INFO] 開始爬取:國泰世華銀行(https://www.cathaybk.com.tw/cathaybk/personal/credit-card/)
2026-05-31 17:54:51,362 [INFO] [國泰世華銀行] 截圖:debug_cathaybk.png
2026-05-31 17:54:51,370 [DEBUG] [國泰世華銀行] JS 回傳 26 筆
2026-05-31 17:54:51,370 [DEBUG] [國泰世華銀行] 前 3 筆樣本:[('立即辦卡', ['上市加碼活動享最優 5元=1里', '優惠介紹']), ('蝦皮購物聯名卡', ['蝦皮購物消費最高20%蝦幣回饋', '月月滿額享免運券']), ('長榮航空聯名卡', ['倍速哩遇最優10元1哩', '飛航尊享機票/機上免稅品9折起'])]
2026-05-31 17:54:51,371 [INFO]   ✅ 國泰世華銀行:15 張(JS回傳 26 → 有效 15)
2026-05-31 17:54:53,376 [INFO] 開始爬取:台北富邦銀行(https://www.fubon.com/banking/personal/credit_card/all_card/all_card.htm)
2026-05-31 17:55:08,399 [INFO] [台北富邦銀行] 截圖:debug_fubon.png
2026-05-31 17:55:08,407 [DEBUG] [台北富邦銀行] JS 回傳 43 筆
2026-05-31 17:55:08,407 [DEBUG] [台北富邦銀行] 前 3 筆樣本:[('辦卡．開卡', ['個人金融', '卡片總覽']), ('線上開卡', []), ('富邦J卡', ['新戶完成指定任務贈：TRAVEL FOX 24吋行李箱', '日韓泰旅遊最高6%回饋'])]
2026-05-31 17:55:08,408 [INFO]   ✅ 台北富邦銀行:41 張(JS回傳 43 → 有效 41)
2026-05-31 17:55:10,411 [INFO] 開始爬取:台新銀行(https://www.taishinbank.com.tw/TSB/personal/credit/intro/overview/)
2026-05-31 17:55:25,732 [INFO] [台新銀行] 截圖:debug_taishin.png
2026-05-31 17:55:25,754 [DEBUG] [台新銀行] JS 回傳 17 筆
2026-05-31 17:55:25,754 [DEBUG] [台新銀行] 前 3 筆樣本:[('線上開卡', ['線上辦卡', '繳信用卡費']), ('外籍人士辦卡', ['信用卡總覽', '信用卡推薦']), ('台新Richart卡', ['7大方案上萬家通路 最高3.8%回饋', '保費一次付清最高1.3%；不限金額分12期0利率'])]
2026-05-31 17:55:25,754 [INFO]   ✅ 台新銀行:16 張(JS回傳 17 → 有效 16)
2026-05-31 17:55:27,757 [INFO] 開始爬取:永豐銀行(https://bank.sinopac.com/sinopacBT/personal/credit-card/introduction/list.html)
2026-05-31 17:55:43,009 [INFO] [永豐銀行] 截圖:debug_sinopac.png
2026-05-31 17:55:43,016 [DEBUG] [永豐銀行] JS 回傳 55 筆
2026-05-31 17:55:43,016 [DEBUG] [永豐銀行] 前 3 筆樣本:[('我要辦卡', []), ('線上開卡', ['- 辦卡活動', '- 線上辦卡推薦活動']), ('VISA 無限卡', [])]
2026-05-31 17:55:43,016 [INFO] [永豐銀行] 21 張亮點為空,進詳細頁補抓 (上限 40,實補 21)
2026-05-31 17:55:44,459 [DEBUG] [永豐銀行] (1/21) VISA 無限卡: 補到 6 條
2026-05-31 17:55:46,369 [DEBUG] [永豐銀行] (2/21) VISA 御璽卡: 補到 6 條
2026-05-31 17:55:48,270 [DEBUG] [永豐銀行] (3/21) VISA 商務御璽卡: 補到 6 條
2026-05-31 17:55:50,161 [DEBUG] [永豐銀行] (4/21) Mastercard 世界卡: 補到 6 條
2026-05-31 17:55:51,986 [DEBUG] [永豐銀行] (5/21) Mastercard 鈦金商務卡: 補到 6 條
2026-05-31 17:55:53,774 [DEBUG] [永豐銀行] (6/21) MasterCard 世界商務卡: 補到 6 條
2026-05-31 17:55:55,647 [DEBUG] [永豐銀行] (7/21) Mastercard 鈦金卡: 補到 6 條
2026-05-31 17:55:57,540 [DEBUG] [永豐銀行] (8/21) Mastercard Debit卡: 補到 6 條
2026-05-31 17:55:59,407 [DEBUG] [永豐銀行] (9/21) JCB 晶緻卡: 補到 6 條
2026-05-31 17:56:01,301 [DEBUG] [永豐銀行] (10/21) 永傳世界卡: 補到 6 條
2026-05-31 17:56:03,169 [DEBUG] [永豐銀行] (11/21) DAWAY卡: 補到 6 條
2026-05-31 17:56:04,993 [DEBUG] [永豐銀行] (12/21) 永豐點字金融信用卡: 補到 6 條
2026-05-31 17:56:06,944 [DEBUG] [永豐銀行] (13/21) 中興大學悠遊認同卡: 補到 6 條
2026-05-31 17:56:08,801 [DEBUG] [永豐銀行] (14/21) SEA鈦金商務悠遊卡: 補到 6 條
2026-05-31 17:56:10,665 [DEBUG] [永豐銀行] (15/21) SPORT Debit卡: 補到 6 條
2026-05-31 17:56:13,767 [DEBUG] [永豐銀行] (16/21) 換發多幣卡: 詳細頁也無亮點
2026-05-31 17:56:15,616 [DEBUG] [永豐銀行] (17/21) 農騰卡: 補到 6 條
2026-05-31 17:56:17,460 [DEBUG] [永豐銀行] (18/21) 雄獅T&T白金卡: 補到 6 條
2026-05-31 17:56:19,307 [DEBUG] [永豐銀行] (19/21) 旅天下白金卡: 補到 6 條
2026-05-31 17:56:21,148 [DEBUG] [永豐銀行] (20/21) 山富採購卡: 補到 6 條
2026-05-31 17:56:22,969 [DEBUG] [永豐銀行] (21/21) 環球採購卡: 補到 6 條
2026-05-31 17:56:23,472 [INFO] [永豐銀行] 詳細頁補抓完成:20/21 張補到亮點
2026-05-31 17:56:23,472 [INFO]   ✅ 永豐銀行:54 張(JS回傳 55 → 有效 54)
2026-05-31 17:56:25,474 [INFO] 開始爬取:元大銀行(https://www.yuantabank.com.tw/bank/creditCard/creditCard/list.do)
2026-05-31 17:56:54,774 [INFO] [元大銀行] 截圖:debug_yuanta.png
2026-05-31 17:56:54,809 [DEBUG] [元大銀行] 找不到第 2 頁按鈕,結束分頁
2026-05-31 17:56:54,810 [DEBUG] [元大銀行] JS 回傳 13 筆
2026-05-31 17:56:54,810 [DEBUG] [元大銀行] 前 3 筆樣本:[('鑽金智富悠遊聯名卡', []), ('分享黑啤悠遊聯名卡', []), ('鑽金悠遊聯名卡', [])]
2026-05-31 17:56:54,810 [INFO] [元大銀行] 13 張亮點為空,進詳細頁補抓 (上限 60,實補 13)
2026-05-31 17:56:56,316 [DEBUG] [元大銀行] (1/13) 鑽金智富悠遊聯名卡: 補到 6 條
2026-05-31 17:56:58,268 [DEBUG] [元大銀行] (2/13) 分享黑啤悠遊聯名卡: 補到 6 條
2026-05-31 17:57:00,261 [DEBUG] [元大銀行] (3/13) 鑽金悠遊聯名卡: 補到 6 條
2026-05-31 17:57:02,273 [DEBUG] [元大銀行] (4/13) 鑽金智富iPASS聯名卡: 補到 6 條
2026-05-31 17:57:04,255 [DEBUG] [元大銀行] (5/13) 鑽金智富卡: 補到 6 條
2026-05-31 17:57:06,245 [DEBUG] [元大銀行] (6/13) 鑽金智富icash聯名卡: 補到 6 條
2026-05-31 17:57:08,284 [DEBUG] [元大銀行] (7/13) 元大證券聯名卡: 補到 6 條
2026-05-31 17:57:10,302 [DEBUG] [元大銀行] (8/13) Hello Kitty鑽金聯名卡: 補到 6 條
2026-05-31 17:57:12,327 [DEBUG] [元大銀行] (9/13) Hello Kitty分享聯名卡: 補到 6 條
2026-05-31 17:57:14,314 [DEBUG] [元大銀行] (10/13) Hello Kitty點數聯名卡: 補到 6 條
2026-05-31 17:57:16,289 [DEBUG] [元大銀行] (11/13) 鑽金icash聯名卡: 補到 6 條
2026-05-31 17:57:18,298 [DEBUG] [元大銀行] (12/13) icash愛現晶緻/鈦金卡: 補到 6 條
2026-05-31 17:57:20,300 [DEBUG] [元大銀行] (13/13) 樂享晶緻/icash樂享卡: 補到 6 條
2026-05-31 17:57:20,802 [INFO] [元大銀行] 詳細頁補抓完成:13/13 張補到亮點
2026-05-31 17:57:20,802 [INFO]   ✅ 元大銀行:13 張(JS回傳 13 → 有效 13)
2026-05-31 17:57:22,808 [INFO] 開始爬取:凱基銀行(https://www.kgibank.com.tw/zh-tw/personal/credit-card/list)
2026-05-31 17:57:39,025 [INFO] [凱基銀行] 截圖:debug_kgi.png
2026-05-31 17:57:39,034 [DEBUG] [凱基銀行] JS 回傳 15 筆
2026-05-31 17:57:39,034 [DEBUG] [凱基銀行] 前 3 筆樣本:[('申辦凱基信用卡', []), ('誠品悠遊御璽卡', ['天天消費最高7%回饋 黑卡專屬滿額禮贈5,000元誠品電子券 新戶達檻享300元刷卡金 或 誠品限量行李箱']), ('凱基銀行無限卡(邀請制)', ['免費機場接送及貴賓室禮遇 免費市區停車禮遇'])]
2026-05-31 17:57:39,034 [INFO]   ✅ 凱基銀行:12 張(JS回傳 15 → 有效 12)
2026-05-31 17:57:41,039 [INFO] 開始爬取:星展銀行(https://www.dbs.com.tw/personal-zh/cards/dbs-credit-cards/default.page)
2026-05-31 17:57:58,374 [INFO] [星展銀行] 截圖:debug_dbs.png
2026-05-31 17:57:58,389 [DEBUG] [星展銀行] JS 回傳 26 筆
2026-05-31 17:57:58,389 [DEBUG] [星展銀行] 前 3 筆樣本:[('星展傳說對決聯名卡', ['以指定星展帳戶設定信用卡自動轉帳付款：', '新戶享國內一般消費最高1.0% 現金積點回饋無上限、國外一般消費最高2.5% 現金積點回饋無上限']), ('星展eco永續卡', ['國內／國外一般消費享1%現金積點回饋無上限', '日本／韓國／泰國／新加坡／美洲／歐洲地區 享加碼最高5%回饋']), ('星展飛行世界商務卡', ['最優NT$18=1點飛行積金', '1 年 2 次免費全球機場貴賓室'])]
2026-05-31 17:57:58,390 [INFO]   ✅ 星展銀行:26 張(JS回傳 26 → 有效 26)
2026-05-31 17:58:00,392 [INFO] 開始爬取:滙豐銀行(https://www.hsbc.com.tw/credit-cards/)
2026-05-31 17:58:15,978 [INFO] [滙豐銀行] 截圖:debug_hsbc.png
2026-05-31 17:58:15,990 [DEBUG] [滙豐銀行] JS 回傳 8 筆
2026-05-31 17:58:15,990 [DEBUG] [滙豐銀行] 前 3 筆樣本:[('滙豐信用卡', ['刷卡消費即享現金、哩程、 紅利等多樣回饋。精采禮遇，近在咫尺！']), ('滙豐旅人無限卡', ['海外消費新台幣10元=1旅遊積分', '國內消費新台幣18元=1旅遊積分']), ('滙豐旅人御璽卡', ['海外消費新台幣15元=1旅遊積分', '國內消費新台幣18元=1旅遊積分'])]
2026-05-31 17:58:15,990 [INFO]   ✅ 滙豐銀行:7 張(JS回傳 8 → 有效 7)
2026-05-31 17:58:17,993 [INFO] 開始爬取:渣打銀行(https://www.sc.com/tw/credit-cards/)
2026-05-31 17:58:34,189 [INFO] [渣打銀行] 截圖:debug_scb.png
2026-05-31 17:58:34,230 [DEBUG] [渣打銀行] JS 回傳 16 筆
2026-05-31 17:58:34,230 [DEBUG] [渣打銀行] 前 3 筆樣本:[('渣打LINE Bank聯名卡', ['一般刷卡新增消費享 國內1% / 國外1% 現金回饋無上限', '單筆滿千消費分期不限次數享 3期0利率 申請免手續費']), ('渣打現金回饋御璽卡', ['國內外消費均享最高 1% 現金回饋', '信用卡正卡申請人 年齡限18歲以上。']), ('渣打優先理財無限卡', ['一年 2次 國際機場接或送服務', '一年 2次 使用全球機場貴賓室'])]
2026-05-31 17:58:34,231 [INFO]   ✅ 渣打銀行:11 張(JS回傳 16 → 有效 11)
2026-05-31 17:58:36,354 [INFO] 📊 完成:10/10 家成功
2026-05-31 17:58:36,354 [INFO] 📊 總計 263 張
2026-05-31 17:58:36,371 [INFO] ✅ 儲存:/Users/linpeiying/Desktop/material/學習/緯育/2026-02-緯育-資料工程/專題/credit_card_analysis/crawler_data/banks.csv(263 筆)
2026-05-31 18:28:16,377 [INFO] 中國信託銀行:直接使用 hardcode 清單 (13 張)
2026-05-31 18:28:17,371 [INFO] 使用瀏覽器:chrome
2026-05-31 18:28:18,448 [INFO] 開始爬取:玉山銀行(https://www.esunbank.com/zh-tw/personal/credit-card/intro)
2026-05-31 18:28:33,238 [INFO] [玉山銀行] 截圖:debug_esun.png
2026-05-31 18:28:33,253 [DEBUG] [玉山銀行] JS 回傳 61 筆
2026-05-31 18:28:33,253 [DEBUG] [玉山銀行] 前 3 筆樣本:[('悠遊卡', []), ('Mastercard', []), ('玉山Unicard', ['LINE Pay、韓國、新光三越、蝦皮購物、台灣中油享最高4.5%回饋', '百大指定消費涵蓋餐飲、旅遊等十大類別'])]
2026-05-31 18:28:33,254 [INFO]   ✅ 玉山銀行:55 張(JS回傳 61 → 有效 55)
2026-05-31 18:28:35,259 [INFO] 開始爬取:國泰世華銀行(https://www.cathaybk.com.tw/cathaybk/personal/credit-card/)
2026-05-31 18:28:50,149 [INFO] [國泰世華銀行] 截圖:debug_cathaybk.png
2026-05-31 18:28:50,161 [DEBUG] [國泰世華銀行] JS 回傳 26 筆
2026-05-31 18:28:50,161 [DEBUG] [國泰世華銀行] 前 3 筆樣本:[('立即辦卡', ['上市加碼活動享最優 5元=1里', '優惠介紹']), ('蝦皮購物聯名卡', ['蝦皮購物消費最高20%蝦幣回饋', '月月滿額享免運券']), ('長榮航空聯名卡', ['倍速哩遇最優10元1哩', '飛航尊享機票/機上免稅品9折起'])]
2026-05-31 18:28:50,162 [INFO]   ✅ 國泰世華銀行:15 張(JS回傳 26 → 有效 15)
2026-05-31 18:28:52,167 [INFO] 開始爬取:台北富邦銀行(https://www.fubon.com/banking/personal/credit_card/all_card/all_card.htm)
2026-05-31 18:29:07,705 [INFO] [台北富邦銀行] 截圖:debug_fubon.png
2026-05-31 18:29:07,715 [DEBUG] [台北富邦銀行] JS 回傳 43 筆
2026-05-31 18:29:07,715 [DEBUG] [台北富邦銀行] 前 3 筆樣本:[('辦卡．開卡', ['個人金融', '卡片總覽']), ('線上開卡', []), ('富邦J卡', ['新戶完成指定任務贈：TRAVEL FOX 24吋行李箱', '日韓泰旅遊最高6%回饋'])]
2026-05-31 18:29:07,715 [INFO]   ✅ 台北富邦銀行:41 張(JS回傳 43 → 有效 41)
2026-05-31 18:29:09,717 [INFO] 開始爬取:台新銀行(https://www.taishinbank.com.tw/TSB/personal/credit/intro/overview/)
2026-05-31 18:29:25,207 [INFO] [台新銀行] 截圖:debug_taishin.png
2026-05-31 18:29:25,230 [DEBUG] [台新銀行] JS 回傳 17 筆
2026-05-31 18:29:25,230 [DEBUG] [台新銀行] 前 3 筆樣本:[('線上開卡', ['線上辦卡', '繳信用卡費']), ('外籍人士辦卡', ['信用卡總覽', '信用卡推薦']), ('台新Richart卡', ['7大方案上萬家通路 最高3.8%回饋', '保費一次付清最高1.3%；不限金額分12期0利率'])]
2026-05-31 18:29:25,230 [INFO]   ✅ 台新銀行:16 張(JS回傳 17 → 有效 16)
2026-05-31 18:29:27,236 [INFO] 開始爬取:永豐銀行(https://bank.sinopac.com/sinopacBT/personal/credit-card/introduction/list.html)
2026-05-31 18:29:42,164 [INFO] [永豐銀行] 截圖:debug_sinopac.png
2026-05-31 18:29:42,173 [DEBUG] [永豐銀行] JS 回傳 55 筆
2026-05-31 18:29:42,173 [DEBUG] [永豐銀行] 前 3 筆樣本:[('我要辦卡', []), ('線上開卡', ['- 辦卡活動', '- 線上辦卡推薦活動']), ('VISA 無限卡', [])]
2026-05-31 18:29:42,173 [INFO] [永豐銀行] 21 張亮點為空,進詳細頁補抓 (上限 40,實補 21)
2026-05-31 18:29:43,614 [DEBUG] [永豐銀行] (1/21) VISA 無限卡: 補到 6 條
2026-05-31 18:29:45,588 [DEBUG] [永豐銀行] (2/21) VISA 御璽卡: 補到 6 條
2026-05-31 18:29:47,542 [DEBUG] [永豐銀行] (3/21) VISA 商務御璽卡: 補到 6 條
2026-05-31 18:29:49,483 [DEBUG] [永豐銀行] (4/21) Mastercard 世界卡: 補到 6 條
2026-05-31 18:29:51,421 [DEBUG] [永豐銀行] (5/21) Mastercard 鈦金商務卡: 補到 6 條
2026-05-31 18:29:53,532 [DEBUG] [永豐銀行] (6/21) MasterCard 世界商務卡: 補到 6 條
2026-05-31 18:29:55,365 [DEBUG] [永豐銀行] (7/21) Mastercard 鈦金卡: 補到 6 條
2026-05-31 18:29:57,235 [DEBUG] [永豐銀行] (8/21) Mastercard Debit卡: 補到 6 條
2026-05-31 18:29:59,197 [DEBUG] [永豐銀行] (9/21) JCB 晶緻卡: 補到 6 條
2026-05-31 18:30:01,285 [DEBUG] [永豐銀行] (10/21) 永傳世界卡: 補到 6 條
2026-05-31 18:30:03,152 [DEBUG] [永豐銀行] (11/21) DAWAY卡: 補到 6 條
2026-05-31 18:30:05,026 [DEBUG] [永豐銀行] (12/21) 永豐點字金融信用卡: 補到 6 條
2026-05-31 18:30:06,855 [DEBUG] [永豐銀行] (13/21) 中興大學悠遊認同卡: 補到 6 條
2026-05-31 18:30:08,697 [DEBUG] [永豐銀行] (14/21) SEA鈦金商務悠遊卡: 補到 6 條
2026-05-31 18:30:10,533 [DEBUG] [永豐銀行] (15/21) SPORT Debit卡: 補到 6 條
2026-05-31 18:30:13,758 [DEBUG] [永豐銀行] (16/21) 換發多幣卡: 詳細頁也無亮點
2026-05-31 18:30:15,580 [DEBUG] [永豐銀行] (17/21) 農騰卡: 補到 6 條
2026-05-31 18:30:17,400 [DEBUG] [永豐銀行] (18/21) 雄獅T&T白金卡: 補到 6 條
2026-05-31 18:30:19,275 [DEBUG] [永豐銀行] (19/21) 旅天下白金卡: 補到 6 條
2026-05-31 18:30:21,104 [DEBUG] [永豐銀行] (20/21) 山富採購卡: 補到 6 條
2026-05-31 18:30:22,917 [DEBUG] [永豐銀行] (21/21) 環球採購卡: 補到 6 條
2026-05-31 18:30:23,420 [INFO] [永豐銀行] 詳細頁補抓完成:20/21 張補到亮點
2026-05-31 18:30:23,420 [INFO]   ✅ 永豐銀行:54 張(JS回傳 55 → 有效 54)
2026-05-31 18:30:25,425 [INFO] 開始爬取:元大銀行(https://www.yuantabank.com.tw/bank/creditCard/creditCard/list.do)
2026-05-31 18:30:53,969 [INFO] [元大銀行] 截圖:debug_yuanta.png
2026-05-31 18:30:54,211 [DEBUG] [元大銀行] 點擊第 2 頁 (selector)
2026-05-31 18:31:02,180 [INFO] [元大銀行] 第 2 頁新增 14 張 (累計 27)
2026-05-31 18:31:02,451 [DEBUG] [元大銀行] 點擊第 3 頁 (selector)
2026-05-31 18:31:10,407 [INFO] [元大銀行] 第 3 頁新增 15 張 (累計 42)
2026-05-31 18:31:10,670 [DEBUG] [元大銀行] 點擊第 4 頁 (selector)
2026-05-31 18:31:18,667 [INFO] [元大銀行] 第 4 頁新增 3 張 (累計 45)
2026-05-31 18:31:21,109 [DEBUG] [元大銀行] URL 分頁到第 5 頁:https://www.yuantabank.com.tw/bank/creditCard/creditCard/list.do?currentPage=5
2026-05-31 18:31:25,587 [INFO] [元大銀行] 第 5 頁新增 0 張 (累計 45)
2026-05-31 18:31:25,588 [DEBUG] [元大銀行] 第 5 頁無新卡,結束分頁
2026-05-31 18:31:25,588 [DEBUG] [元大銀行] JS 回傳 45 筆
2026-05-31 18:31:25,588 [DEBUG] [元大銀行] 前 3 筆樣本:[('鑽金智富悠遊聯名卡', []), ('分享黑啤悠遊聯名卡', []), ('鑽金悠遊聯名卡', [])]
2026-05-31 18:31:25,590 [INFO] [元大銀行] 31 張亮點為空,進詳細頁補抓 (上限 60,實補 31)
2026-05-31 18:31:27,252 [DEBUG] [元大銀行] (1/31) 鑽金智富悠遊聯名卡: 補到 6 條
2026-05-31 18:31:29,356 [DEBUG] [元大銀行] (2/31) 分享黑啤悠遊聯名卡: 補到 5 條
2026-05-31 18:31:31,434 [DEBUG] [元大銀行] (3/31) 鑽金悠遊聯名卡: 補到 6 條
2026-05-31 18:31:33,500 [DEBUG] [元大銀行] (4/31) 鑽金智富iPASS聯名卡: 補到 6 條
2026-05-31 18:31:35,615 [DEBUG] [元大銀行] (5/31) 鑽金智富卡: 補到 6 條
2026-05-31 18:31:37,658 [DEBUG] [元大銀行] (6/31) 鑽金智富icash聯名卡: 補到 6 條
2026-05-31 18:31:39,779 [DEBUG] [元大銀行] (7/31) 元大證券聯名卡: 補到 6 條
2026-05-31 18:31:41,894 [DEBUG] [元大銀行] (8/31) Hello Kitty鑽金聯名卡: 補到 6 條
2026-05-31 18:31:43,942 [DEBUG] [元大銀行] (9/31) Hello Kitty分享聯名卡: 補到 6 條
2026-05-31 18:31:46,050 [DEBUG] [元大銀行] (10/31) Hello Kitty點數聯名卡: 補到 6 條
2026-05-31 18:31:48,167 [DEBUG] [元大銀行] (11/31) 鑽金icash聯名卡: 補到 6 條
2026-05-31 18:31:50,201 [DEBUG] [元大銀行] (12/31) icash愛現晶緻/鈦金卡: 補到 6 條
2026-05-31 18:31:52,425 [DEBUG] [元大銀行] (13/31) 樂享晶緻/icash樂享卡: 補到 6 條
2026-05-31 18:31:54,536 [DEBUG] [元大銀行] (14/31) 鑽金卡: 補到 6 條
2026-05-31 18:31:56,588 [DEBUG] [元大銀行] (15/31) 分享黑啤卡: 補到 5 條
2026-05-31 18:31:58,601 [DEBUG] [元大銀行] (16/31) 鑽金一卡通聯名卡: 補到 6 條
2026-05-31 18:32:00,653 [DEBUG] [元大銀行] (17/31) 富貴無限卡: 補到 6 條
2026-05-31 18:32:02,789 [DEBUG] [元大銀行] (18/31) 分享御璽卡／分享鈦金卡: 補到 6 條
2026-05-31 18:32:04,908 [DEBUG] [元大銀行] (19/31) 愛PASS晶緻／鈦金卡: 補到 6 條
2026-05-31 18:32:06,987 [DEBUG] [元大銀行] (20/31) JCB icash聯名卡: 補到 6 條
2026-05-31 18:32:09,139 [DEBUG] [元大銀行] (21/31) 現賺御璽卡: 補到 6 條
2026-05-31 18:32:11,199 [DEBUG] [元大銀行] (22/31) 元大HCE 行動信用卡: 補到 3 條
2026-05-31 18:32:13,279 [DEBUG] [元大銀行] (23/31) All New Visa樂遊卡: 補到 6 條
2026-05-31 18:32:15,405 [DEBUG] [元大銀行] (24/31) 中華電信商務鈦金感恩卡: 補到 6 條
2026-05-31 18:32:17,744 [DEBUG] [元大銀行] (25/31) 元大Life卡: 補到 6 條
2026-05-31 18:32:19,857 [DEBUG] [元大銀行] (26/31) 元大晶緻卡: 補到 6 條
2026-05-31 18:32:21,974 [DEBUG] [元大銀行] (27/31) 如來卡: 補到 5 條
2026-05-31 18:32:24,021 [DEBUG] [元大銀行] (28/31) 元大MAZDA天空卡: 補到 6 條
2026-05-31 18:32:26,081 [DEBUG] [元大銀行] (29/31) 高醫認同卡: 補到 6 條
2026-05-31 18:32:28,175 [DEBUG] [元大銀行] (30/31) 元大新世代卡: 補到 6 條
2026-05-31 18:32:30,318 [DEBUG] [元大銀行] (31/31) 台灣吧鑽金卡: 補到 6 條
2026-05-31 18:32:30,821 [INFO] [元大銀行] 詳細頁補抓完成:31/31 張補到亮點
2026-05-31 18:32:30,821 [INFO]   ✅ 元大銀行:31 張(JS回傳 45 → 有效 31)
2026-05-31 18:32:32,826 [INFO] 開始爬取:凱基銀行(https://www.kgibank.com.tw/zh-tw/personal/credit-card/list)
2026-05-31 18:32:48,240 [INFO] [凱基銀行] 截圖:debug_kgi.png
2026-05-31 18:32:48,253 [DEBUG] [凱基銀行] JS 回傳 15 筆
2026-05-31 18:32:48,253 [DEBUG] [凱基銀行] 前 3 筆樣本:[('申辦凱基信用卡', []), ('誠品悠遊御璽卡', ['天天消費最高7%回饋 黑卡專屬滿額禮贈5,000元誠品電子券 新戶達檻享300元刷卡金 或 誠品限量行李箱']), ('凱基銀行無限卡(邀請制)', ['免費機場接送及貴賓室禮遇 免費市區停車禮遇'])]
2026-05-31 18:32:48,253 [INFO]   ✅ 凱基銀行:12 張(JS回傳 15 → 有效 12)
2026-05-31 18:32:50,256 [INFO] 開始爬取:星展銀行(https://www.dbs.com.tw/personal-zh/cards/dbs-credit-cards/default.page)
2026-05-31 18:33:05,868 [INFO] [星展銀行] 截圖:debug_dbs.png
2026-05-31 18:33:05,884 [DEBUG] [星展銀行] JS 回傳 26 筆
2026-05-31 18:33:05,884 [DEBUG] [星展銀行] 前 3 筆樣本:[('星展傳說對決聯名卡', ['以指定星展帳戶設定信用卡自動轉帳付款：', '新戶享國內一般消費最高1.0% 現金積點回饋無上限、國外一般消費最高2.5% 現金積點回饋無上限']), ('星展eco永續卡', ['國內／國外一般消費享1%現金積點回饋無上限', '日本／韓國／泰國／新加坡／美洲／歐洲地區 享加碼最高5%回饋']), ('星展飛行世界商務卡', ['最優NT$18=1點飛行積金', '1 年 2 次免費全球機場貴賓室'])]
2026-05-31 18:33:05,884 [INFO]   ✅ 星展銀行:26 張(JS回傳 26 → 有效 26)
2026-05-31 18:33:07,885 [INFO] 開始爬取:滙豐銀行(https://www.hsbc.com.tw/credit-cards/)
2026-05-31 18:33:23,272 [INFO] [滙豐銀行] 截圖:debug_hsbc.png
2026-05-31 18:33:23,284 [DEBUG] [滙豐銀行] JS 回傳 8 筆
2026-05-31 18:33:23,284 [DEBUG] [滙豐銀行] 前 3 筆樣本:[('滙豐信用卡', ['刷卡消費即享現金、哩程、 紅利等多樣回饋。精采禮遇，近在咫尺！']), ('滙豐旅人無限卡', ['海外消費新台幣10元=1旅遊積分', '國內消費新台幣18元=1旅遊積分']), ('滙豐旅人御璽卡', ['海外消費新台幣15元=1旅遊積分', '國內消費新台幣18元=1旅遊積分'])]
2026-05-31 18:33:23,288 [INFO]   ✅ 滙豐銀行:7 張(JS回傳 8 → 有效 7)
2026-05-31 18:33:25,291 [INFO] 開始爬取:渣打銀行(https://www.sc.com/tw/credit-cards/)
2026-05-31 18:33:40,829 [INFO] [渣打銀行] 截圖:debug_scb.png
2026-05-31 18:33:40,871 [DEBUG] [渣打銀行] JS 回傳 16 筆
2026-05-31 18:33:40,871 [DEBUG] [渣打銀行] 前 3 筆樣本:[('渣打LINE Bank聯名卡', ['一般刷卡新增消費享 國內1% / 國外1% 現金回饋無上限', '單筆滿千消費分期不限次數享 3期0利率 申請免手續費']), ('渣打現金回饋御璽卡', ['國內外消費均享最高 1% 現金回饋', '信用卡正卡申請人 年齡限18歲以上。']), ('渣打優先理財無限卡', ['一年 2次 國際機場接或送服務', '一年 2次 使用全球機場貴賓室'])]
2026-05-31 18:33:40,872 [INFO]   ✅ 渣打銀行:11 張(JS回傳 16 → 有效 11)
2026-05-31 18:33:42,992 [INFO] 📊 完成:10/10 家成功
2026-05-31 18:33:42,993 [INFO] 📊 總計 281 張
2026-05-31 18:33:43,007 [INFO] ✅ 儲存:/Users/linpeiying/Desktop/material/學習/緯育/2026-02-緯育-資料工程/專題/credit_card_analysis/crawler_data/banks.csv(281 筆)
2026-05-31 18:40:12,646 [INFO] 中國信託銀行:直接使用 hardcode 清單 (13 張)
2026-05-31 18:40:13,682 [INFO] 使用瀏覽器:chrome
2026-05-31 18:40:14,914 [INFO] 開始爬取:玉山銀行(https://www.esunbank.com/zh-tw/personal/credit-card/intro)
2026-05-31 18:40:29,279 [INFO] [玉山銀行] 截圖:debug_esun.png
2026-05-31 18:40:29,301 [DEBUG] [玉山銀行] JS 回傳 61 筆
2026-05-31 18:40:29,301 [DEBUG] [玉山銀行] 前 3 筆樣本:[('悠遊卡', []), ('Mastercard', []), ('玉山Unicard', ['LINE Pay、韓國、新光三越、蝦皮購物、台灣中油享最高4.5%回饋', '百大指定消費涵蓋餐飲、旅遊等十大類別'])]
2026-05-31 18:40:29,302 [INFO]   ✅ 玉山銀行:55 張(JS回傳 61 → 有效 55)
2026-05-31 18:40:31,304 [INFO] 開始爬取:國泰世華銀行(https://www.cathaybk.com.tw/cathaybk/personal/credit-card/)
2026-05-31 18:40:45,426 [INFO] [國泰世華銀行] 截圖:debug_cathaybk.png
2026-05-31 18:40:45,436 [DEBUG] [國泰世華銀行] JS 回傳 21 筆
2026-05-31 18:40:45,436 [DEBUG] [國泰世華銀行] 前 3 筆樣本:[('蝦皮購物聯名卡', ['蝦皮購物消費最高20%蝦幣回饋', '月月滿額享免運券']), ('長榮航空聯名卡', ['倍速哩遇最優10元1哩', '飛航尊享機票/機上免稅品9折起']), ('CUBE信用卡', ['權益方案天天切換', '即時點數折抵'])]
2026-05-31 18:40:45,437 [INFO]   ✅ 國泰世華銀行:10 張(JS回傳 21 → 有效 10)
2026-05-31 18:40:47,438 [INFO] 開始爬取:台北富邦銀行(https://www.fubon.com/banking/personal/credit_card/all_card/all_card.htm)
2026-05-31 18:41:01,846 [INFO] [台北富邦銀行] 截圖:debug_fubon.png
2026-05-31 18:41:01,856 [DEBUG] [台北富邦銀行] JS 回傳 43 筆
2026-05-31 18:41:01,856 [DEBUG] [台北富邦銀行] 前 3 筆樣本:[('辦卡．開卡', ['個人金融', '卡片總覽']), ('線上開卡', []), ('富邦J卡', ['新戶完成指定任務贈：TRAVEL FOX 24吋行李箱', '日韓泰旅遊最高6%回饋'])]
2026-05-31 18:41:01,856 [INFO]   ✅ 台北富邦銀行:41 張(JS回傳 43 → 有效 41)
2026-05-31 18:41:03,859 [INFO] 開始爬取:台新銀行(https://www.taishinbank.com.tw/TSB/personal/credit/intro/overview/)
2026-05-31 18:41:18,648 [INFO] [台新銀行] 截圖:debug_taishin.png
2026-05-31 18:41:18,677 [DEBUG] [台新銀行] JS 回傳 17 筆
2026-05-31 18:41:18,677 [DEBUG] [台新銀行] 前 3 筆樣本:[('線上開卡', ['線上辦卡', '繳信用卡費']), ('外籍人士辦卡', ['信用卡總覽', '信用卡推薦']), ('台新Richart卡', ['7大方案上萬家通路 最高3.8%回饋', '保費一次付清最高1.3%；不限金額分12期0利率'])]
2026-05-31 18:41:18,678 [INFO]   ✅ 台新銀行:16 張(JS回傳 17 → 有效 16)
2026-05-31 18:41:20,679 [INFO] 開始爬取:永豐銀行(https://bank.sinopac.com/sinopacBT/personal/credit-card/introduction/list.html)
2026-05-31 18:41:35,634 [INFO] [永豐銀行] 截圖:debug_sinopac.png
2026-05-31 18:41:35,647 [DEBUG] [永豐銀行] JS 回傳 55 筆
2026-05-31 18:41:35,647 [DEBUG] [永豐銀行] 前 3 筆樣本:[('我要辦卡', []), ('線上開卡', ['- 辦卡活動', '- 線上辦卡推薦活動']), ('VISA 無限卡', [])]
2026-05-31 18:41:35,650 [INFO] [永豐銀行] 21 張亮點為空,進詳細頁補抓 (上限 40,實補 21)
2026-05-31 18:41:37,216 [DEBUG] [永豐銀行] (1/21) VISA 無限卡: 補到 6 條
2026-05-31 18:41:39,204 [DEBUG] [永豐銀行] (2/21) VISA 御璽卡: 補到 6 條
2026-05-31 18:41:41,171 [DEBUG] [永豐銀行] (3/21) VISA 商務御璽卡: 補到 6 條
2026-05-31 18:41:43,147 [DEBUG] [永豐銀行] (4/21) Mastercard 世界卡: 補到 6 條
2026-05-31 18:41:45,121 [DEBUG] [永豐銀行] (5/21) Mastercard 鈦金商務卡: 補到 6 條
2026-05-31 18:41:47,829 [DEBUG] [永豐銀行] (6/21) MasterCard 世界商務卡: 補到 6 條
2026-05-31 18:41:49,631 [DEBUG] [永豐銀行] (7/21) Mastercard 鈦金卡: 補到 6 條
2026-05-31 18:41:51,408 [DEBUG] [永豐銀行] (8/21) Mastercard Debit卡: 補到 6 條
2026-05-31 18:41:53,287 [DEBUG] [永豐銀行] (9/21) JCB 晶緻卡: 補到 6 條
2026-05-31 18:41:55,227 [DEBUG] [永豐銀行] (10/21) 永傳世界卡: 補到 6 條
2026-05-31 18:41:57,154 [DEBUG] [永豐銀行] (11/21) DAWAY卡: 補到 6 條
2026-05-31 18:41:58,974 [DEBUG] [永豐銀行] (12/21) 永豐點字金融信用卡: 補到 6 條
2026-05-31 18:42:00,792 [DEBUG] [永豐銀行] (13/21) 中興大學悠遊認同卡: 補到 6 條
2026-05-31 18:42:02,628 [DEBUG] [永豐銀行] (14/21) SEA鈦金商務悠遊卡: 補到 6 條
2026-05-31 18:42:04,471 [DEBUG] [永豐銀行] (15/21) SPORT Debit卡: 補到 6 條
2026-05-31 18:42:07,540 [DEBUG] [永豐銀行] (16/21) 換發多幣卡: 詳細頁也無亮點
2026-05-31 18:42:09,367 [DEBUG] [永豐銀行] (17/21) 農騰卡: 補到 6 條
2026-05-31 18:42:11,203 [DEBUG] [永豐銀行] (18/21) 雄獅T&T白金卡: 補到 6 條
2026-05-31 18:42:13,045 [DEBUG] [永豐銀行] (19/21) 旅天下白金卡: 補到 6 條
2026-05-31 18:42:14,908 [DEBUG] [永豐銀行] (20/21) 山富採購卡: 補到 6 條
2026-05-31 18:42:16,746 [DEBUG] [永豐銀行] (21/21) 環球採購卡: 補到 6 條
2026-05-31 18:42:17,248 [INFO] [永豐銀行] 詳細頁補抓完成:20/21 張補到亮點
2026-05-31 18:42:17,249 [INFO]   ✅ 永豐銀行:54 張(JS回傳 55 → 有效 54)
2026-05-31 18:42:19,254 [INFO] 開始爬取:元大銀行(https://www.yuantabank.com.tw/bank/creditCard/creditCard/list.do)
2026-05-31 18:42:49,111 [INFO] [元大銀行] 截圖:debug_yuanta.png
2026-05-31 18:42:49,371 [DEBUG] [元大銀行] 點擊第 2 頁 (selector)
2026-05-31 18:42:57,203 [INFO] [元大銀行] 第 2 頁新增 14 張 (累計 27)
2026-05-31 18:42:57,414 [DEBUG] [元大銀行] 點擊第 3 頁 (selector)
2026-05-31 18:43:05,188 [INFO] [元大銀行] 第 3 頁新增 15 張 (累計 42)
2026-05-31 18:43:05,384 [DEBUG] [元大銀行] 點擊第 4 頁 (selector)
2026-05-31 18:43:13,298 [INFO] [元大銀行] 第 4 頁新增 3 張 (累計 45)
2026-05-31 18:43:15,844 [DEBUG] [元大銀行] URL 分頁到第 5 頁:https://www.yuantabank.com.tw/bank/creditCard/creditCard/list.do?currentPage=5
2026-05-31 18:43:20,307 [INFO] [元大銀行] 第 5 頁新增 0 張 (累計 45)
2026-05-31 18:43:20,309 [DEBUG] [元大銀行] 第 5 頁無新卡,結束分頁
2026-05-31 18:43:20,309 [DEBUG] [元大銀行] JS 回傳 45 筆
2026-05-31 18:43:20,310 [DEBUG] [元大銀行] 前 3 筆樣本:[('鑽金智富悠遊聯名卡', []), ('分享黑啤悠遊聯名卡', []), ('鑽金悠遊聯名卡', [])]
2026-05-31 18:43:20,315 [INFO] [元大銀行] 31 張亮點為空,進詳細頁補抓 (上限 60,實補 31)
2026-05-31 18:43:22,043 [DEBUG] [元大銀行] (1/31) 鑽金智富悠遊聯名卡: 補到 6 條
2026-05-31 18:43:24,175 [DEBUG] [元大銀行] (2/31) 分享黑啤悠遊聯名卡: 補到 6 條
2026-05-31 18:43:26,250 [DEBUG] [元大銀行] (3/31) 鑽金悠遊聯名卡: 補到 6 條
2026-05-31 18:43:28,431 [DEBUG] [元大銀行] (4/31) 鑽金智富iPASS聯名卡: 補到 6 條
2026-05-31 18:43:30,482 [DEBUG] [元大銀行] (5/31) 鑽金智富卡: 補到 6 條
2026-05-31 18:43:32,561 [DEBUG] [元大銀行] (6/31) 鑽金智富icash聯名卡: 補到 6 條
2026-05-31 18:43:34,628 [DEBUG] [元大銀行] (7/31) 元大證券聯名卡: 補到 6 條
2026-05-31 18:43:36,873 [DEBUG] [元大銀行] (8/31) Hello Kitty鑽金聯名卡: 補到 6 條
2026-05-31 18:43:39,052 [DEBUG] [元大銀行] (9/31) Hello Kitty分享聯名卡: 補到 5 條
2026-05-31 18:43:41,095 [DEBUG] [元大銀行] (10/31) Hello Kitty點數聯名卡: 補到 4 條
2026-05-31 18:43:43,470 [DEBUG] [元大銀行] (11/31) 鑽金icash聯名卡: 補到 6 條
2026-05-31 18:43:45,556 [DEBUG] [元大銀行] (12/31) icash愛現晶緻/鈦金卡: 補到 6 條
2026-05-31 18:43:47,727 [DEBUG] [元大銀行] (13/31) 樂享晶緻/icash樂享卡: 補到 5 條
2026-05-31 18:43:49,814 [DEBUG] [元大銀行] (14/31) 鑽金卡: 補到 6 條
2026-05-31 18:43:51,995 [DEBUG] [元大銀行] (15/31) 分享黑啤卡: 補到 6 條
2026-05-31 18:43:54,084 [DEBUG] [元大銀行] (16/31) 鑽金一卡通聯名卡: 補到 6 條
2026-05-31 18:43:56,281 [DEBUG] [元大銀行] (17/31) 富貴無限卡: 補到 6 條
2026-05-31 18:43:58,388 [DEBUG] [元大銀行] (18/31) 分享御璽卡／分享鈦金卡: 補到 5 條
2026-05-31 18:44:00,493 [DEBUG] [元大銀行] (19/31) 愛PASS晶緻／鈦金卡: 補到 4 條
2026-05-31 18:44:02,589 [DEBUG] [元大銀行] (20/31) JCB icash聯名卡: 補到 6 條
2026-05-31 18:44:04,687 [DEBUG] [元大銀行] (21/31) 現賺御璽卡: 補到 6 條
2026-05-31 18:44:06,670 [DEBUG] [元大銀行] (22/31) 元大HCE 行動信用卡: 補到 1 條
2026-05-31 18:44:08,727 [DEBUG] [元大銀行] (23/31) All New Visa樂遊卡: 補到 6 條
2026-05-31 18:44:10,782 [DEBUG] [元大銀行] (24/31) 中華電信商務鈦金感恩卡: 補到 6 條
2026-05-31 18:44:12,813 [DEBUG] [元大銀行] (25/31) 元大Life卡: 補到 5 條
2026-05-31 18:44:14,925 [DEBUG] [元大銀行] (26/31) 元大晶緻卡: 補到 5 條
2026-05-31 18:44:16,954 [DEBUG] [元大銀行] (27/31) 如來卡: 補到 5 條
2026-05-31 18:44:18,951 [DEBUG] [元大銀行] (28/31) 元大MAZDA天空卡: 補到 6 條
2026-05-31 18:44:21,033 [DEBUG] [元大銀行] (29/31) 高醫認同卡: 補到 5 條
2026-05-31 18:44:23,096 [DEBUG] [元大銀行] (30/31) 元大新世代卡: 補到 6 條
2026-05-31 18:44:25,149 [DEBUG] [元大銀行] (31/31) 台灣吧鑽金卡: 補到 6 條
2026-05-31 18:44:25,652 [INFO] [元大銀行] 詳細頁補抓完成:31/31 張補到亮點
2026-05-31 18:44:25,652 [INFO]   ✅ 元大銀行:31 張(JS回傳 45 → 有效 31)
2026-05-31 18:44:27,656 [INFO] 開始爬取:凱基銀行(https://www.kgibank.com.tw/zh-tw/personal/credit-card/list)
2026-05-31 18:44:44,097 [INFO] [凱基銀行] 截圖:debug_kgi.png
2026-05-31 18:44:44,110 [DEBUG] [凱基銀行] JS 回傳 15 筆
2026-05-31 18:44:44,110 [DEBUG] [凱基銀行] 前 3 筆樣本:[('申辦凱基信用卡', []), ('誠品悠遊御璽卡', ['天天消費最高7%回饋 黑卡專屬滿額禮贈5,000元誠品電子券 新戶達檻享300元刷卡金 或 誠品限量行李箱']), ('凱基銀行無限卡(邀請制)', ['免費機場接送及貴賓室禮遇 免費市區停車禮遇'])]
2026-05-31 18:44:44,111 [INFO]   ✅ 凱基銀行:12 張(JS回傳 15 → 有效 12)
2026-05-31 18:44:46,115 [INFO] 開始爬取:星展銀行(https://www.dbs.com.tw/personal-zh/cards/dbs-credit-cards/default.page)
2026-05-31 18:45:01,230 [INFO] [星展銀行] 截圖:debug_dbs.png
2026-05-31 18:45:01,254 [DEBUG] [星展銀行] JS 回傳 26 筆
2026-05-31 18:45:01,254 [DEBUG] [星展銀行] 前 3 筆樣本:[('星展傳說對決聯名卡', ['以指定星展帳戶設定信用卡自動轉帳付款：', '新戶享國內一般消費最高1.0% 現金積點回饋無上限、國外一般消費最高2.5% 現金積點回饋無上限']), ('星展eco永續卡', ['國內／國外一般消費享1%現金積點回饋無上限', '日本／韓國／泰國／新加坡／美洲／歐洲地區 享加碼最高5%回饋']), ('星展飛行世界商務卡', ['最優NT$18=1點飛行積金', '1 年 2 次免費全球機場貴賓室'])]
2026-05-31 18:45:01,255 [INFO]   ✅ 星展銀行:26 張(JS回傳 26 → 有效 26)
2026-05-31 18:45:03,258 [INFO] 開始爬取:滙豐銀行(https://www.hsbc.com.tw/credit-cards/)
2026-05-31 18:45:17,632 [INFO] [滙豐銀行] 截圖:debug_hsbc.png
2026-05-31 18:45:17,644 [DEBUG] [滙豐銀行] JS 回傳 8 筆
2026-05-31 18:45:17,645 [DEBUG] [滙豐銀行] 前 3 筆樣本:[('滙豐信用卡', ['刷卡消費即享現金、哩程、 紅利等多樣回饋。精采禮遇，近在咫尺！']), ('滙豐旅人無限卡', ['海外消費新台幣10元=1旅遊積分', '國內消費新台幣18元=1旅遊積分']), ('滙豐旅人御璽卡', ['海外消費新台幣15元=1旅遊積分', '國內消費新台幣18元=1旅遊積分'])]
2026-05-31 18:45:17,646 [INFO]   ✅ 滙豐銀行:7 張(JS回傳 8 → 有效 7)
2026-05-31 18:45:19,647 [INFO] 開始爬取:渣打銀行(https://www.sc.com/tw/credit-cards/)
2026-05-31 18:45:35,863 [INFO] [渣打銀行] 截圖:debug_scb.png
2026-05-31 18:45:35,922 [DEBUG] [渣打銀行] JS 回傳 16 筆
2026-05-31 18:45:35,923 [DEBUG] [渣打銀行] 前 3 筆樣本:[('渣打LINE Bank聯名卡', ['一般刷卡新增消費享 國內1% / 國外1% 現金回饋無上限', '單筆滿千消費分期不限次數享 3期0利率 申請免手續費']), ('渣打現金回饋御璽卡', ['國內外消費均享最高 1% 現金回饋', '信用卡正卡申請人 年齡限18歲以上。']), ('渣打優先理財無限卡', ['一年 2次 國際機場接或送服務', '一年 2次 使用全球機場貴賓室'])]
2026-05-31 18:45:35,925 [INFO]   ✅ 渣打銀行:11 張(JS回傳 16 → 有效 11)
2026-05-31 18:45:38,047 [INFO] 📊 完成:10/10 家成功
2026-05-31 18:45:38,047 [INFO] 📊 總計 276 張
2026-05-31 18:45:38,061 [INFO] ✅ 儲存:/Users/linpeiying/Desktop/material/學習/緯育/2026-02-緯育-資料工程/專題/credit_card_analysis/crawler_data/banks.csv(276 筆)
